Archive member included to satisfy reference by file (symbol)

c:/users/hungv/appdata/roaming/xpacks/@gnu-mcu-eclipse/arm-none-eabi-gcc/8.2.1-1.7.1/.content/bin/../lib/gcc/arm-none-eabi/8.2.1/../../../../arm-none-eabi/lib/thumb/v7e-m+fp/hard\libc_nano.a(lib_a-exit.o)
                              c:/users/hungv/appdata/roaming/xpacks/@gnu-mcu-eclipse/arm-none-eabi-gcc/8.2.1-1.7.1/.content/bin/../lib/gcc/arm-none-eabi/8.2.1/../../../../arm-none-eabi/lib/thumb/v7e-m+fp/hard/crt0.o (exit)
c:/users/hungv/appdata/roaming/xpacks/@gnu-mcu-eclipse/arm-none-eabi-gcc/8.2.1-1.7.1/.content/bin/../lib/gcc/arm-none-eabi/8.2.1/../../../../arm-none-eabi/lib/thumb/v7e-m+fp/hard\libc_nano.a(lib_a-impure.o)
                              c:/users/hungv/appdata/roaming/xpacks/@gnu-mcu-eclipse/arm-none-eabi-gcc/8.2.1-1.7.1/.content/bin/../lib/gcc/arm-none-eabi/8.2.1/../../../../arm-none-eabi/lib/thumb/v7e-m+fp/hard\libc_nano.a(lib_a-exit.o) (_global_impure_ptr)
c:/users/hungv/appdata/roaming/xpacks/@gnu-mcu-eclipse/arm-none-eabi-gcc/8.2.1-1.7.1/.content/bin/../lib/gcc/arm-none-eabi/8.2.1/../../../../arm-none-eabi/lib/thumb/v7e-m+fp/hard\libc_nano.a(lib_a-init.o)
                              c:/users/hungv/appdata/roaming/xpacks/@gnu-mcu-eclipse/arm-none-eabi-gcc/8.2.1-1.7.1/.content/bin/../lib/gcc/arm-none-eabi/8.2.1/../../../../arm-none-eabi/lib/thumb/v7e-m+fp/hard/crt0.o (__libc_init_array)
c:/users/hungv/appdata/roaming/xpacks/@gnu-mcu-eclipse/arm-none-eabi-gcc/8.2.1-1.7.1/.content/bin/../lib/gcc/arm-none-eabi/8.2.1/../../../../arm-none-eabi/lib/thumb/v7e-m+fp/hard\libc_nano.a(lib_a-memset.o)
                              c:/users/hungv/appdata/roaming/xpacks/@gnu-mcu-eclipse/arm-none-eabi-gcc/8.2.1-1.7.1/.content/bin/../lib/gcc/arm-none-eabi/8.2.1/../../../../arm-none-eabi/lib/thumb/v7e-m+fp/hard/crt0.o (memset)
c:/users/hungv/appdata/roaming/xpacks/@gnu-mcu-eclipse/arm-none-eabi-gcc/8.2.1-1.7.1/.content/bin/../lib/gcc/arm-none-eabi/8.2.1/../../../../arm-none-eabi/lib/thumb/v7e-m+fp/hard\libc_nano.a(lib_a-printf.o)
                              build/main.o (printf)
c:/users/hungv/appdata/roaming/xpacks/@gnu-mcu-eclipse/arm-none-eabi-gcc/8.2.1-1.7.1/.content/bin/../lib/gcc/arm-none-eabi/8.2.1/../../../../arm-none-eabi/lib/thumb/v7e-m+fp/hard\libc_nano.a(lib_a-findfp.o)
                              c:/users/hungv/appdata/roaming/xpacks/@gnu-mcu-eclipse/arm-none-eabi-gcc/8.2.1-1.7.1/.content/bin/../lib/gcc/arm-none-eabi/8.2.1/../../../../arm-none-eabi/lib/thumb/v7e-m+fp/hard\libc_nano.a(lib_a-printf.o) (__sinit)
c:/users/hungv/appdata/roaming/xpacks/@gnu-mcu-eclipse/arm-none-eabi-gcc/8.2.1-1.7.1/.content/bin/../lib/gcc/arm-none-eabi/8.2.1/../../../../arm-none-eabi/lib/thumb/v7e-m+fp/hard\libc_nano.a(lib_a-fwalk.o)
                              c:/users/hungv/appdata/roaming/xpacks/@gnu-mcu-eclipse/arm-none-eabi-gcc/8.2.1-1.7.1/.content/bin/../lib/gcc/arm-none-eabi/8.2.1/../../../../arm-none-eabi/lib/thumb/v7e-m+fp/hard\libc_nano.a(lib_a-findfp.o) (_fwalk)
c:/users/hungv/appdata/roaming/xpacks/@gnu-mcu-eclipse/arm-none-eabi-gcc/8.2.1-1.7.1/.content/bin/../lib/gcc/arm-none-eabi/8.2.1/../../../../arm-none-eabi/lib/thumb/v7e-m+fp/hard\libc_nano.a(lib_a-lock.o)
                              c:/users/hungv/appdata/roaming/xpacks/@gnu-mcu-eclipse/arm-none-eabi-gcc/8.2.1-1.7.1/.content/bin/../lib/gcc/arm-none-eabi/8.2.1/../../../../arm-none-eabi/lib/thumb/v7e-m+fp/hard\libc_nano.a(lib_a-findfp.o) (__retarget_lock_init_recursive)
c:/users/hungv/appdata/roaming/xpacks/@gnu-mcu-eclipse/arm-none-eabi-gcc/8.2.1-1.7.1/.content/bin/../lib/gcc/arm-none-eabi/8.2.1/../../../../arm-none-eabi/lib/thumb/v7e-m+fp/hard\libc_nano.a(lib_a-nano-mallocr.o)
                              c:/users/hungv/appdata/roaming/xpacks/@gnu-mcu-eclipse/arm-none-eabi-gcc/8.2.1-1.7.1/.content/bin/../lib/gcc/arm-none-eabi/8.2.1/../../../../arm-none-eabi/lib/thumb/v7e-m+fp/hard\libc_nano.a(lib_a-findfp.o) (_malloc_r)
c:/users/hungv/appdata/roaming/xpacks/@gnu-mcu-eclipse/arm-none-eabi-gcc/8.2.1-1.7.1/.content/bin/../lib/gcc/arm-none-eabi/8.2.1/../../../../arm-none-eabi/lib/thumb/v7e-m+fp/hard\libc_nano.a(lib_a-nano-vfprintf.o)
                              c:/users/hungv/appdata/roaming/xpacks/@gnu-mcu-eclipse/arm-none-eabi-gcc/8.2.1-1.7.1/.content/bin/../lib/gcc/arm-none-eabi/8.2.1/../../../../arm-none-eabi/lib/thumb/v7e-m+fp/hard\libc_nano.a(lib_a-printf.o) (_vfprintf_r)
c:/users/hungv/appdata/roaming/xpacks/@gnu-mcu-eclipse/arm-none-eabi-gcc/8.2.1-1.7.1/.content/bin/../lib/gcc/arm-none-eabi/8.2.1/../../../../arm-none-eabi/lib/thumb/v7e-m+fp/hard\libc_nano.a(lib_a-nano-vfprintf_i.o)
                              c:/users/hungv/appdata/roaming/xpacks/@gnu-mcu-eclipse/arm-none-eabi-gcc/8.2.1-1.7.1/.content/bin/../lib/gcc/arm-none-eabi/8.2.1/../../../../arm-none-eabi/lib/thumb/v7e-m+fp/hard\libc_nano.a(lib_a-nano-vfprintf.o) (_printf_i)
[...]
Memory Configuration

Name             Origin             Length             Attributes
RAM              0x0000000020000000 0x0000000000020000 xrw
CCMRAM           0x0000000010000000 0x0000000000010000 rw
FLASH            0x0000000008000000 0x0000000000100000 xr
*default*        0x0000000000000000 0xffffffffffffffff

Linker script and memory map

LOAD c:/users/hungv/appdata/roaming/xpacks/@gnu-mcu-eclipse/arm-none-eabi-gcc/8.2.1-1.7.1/.content/bin/../lib/gcc/arm-none-eabi/8.2.1/thumb/v7e-m+fp/hard/crti.o
LOAD c:/users/hungv/appdata/roaming/xpacks/@gnu-mcu-eclipse/arm-none-eabi-gcc/8.2.1-1.7.1/.content/bin/../lib/gcc/arm-none-eabi/8.2.1/thumb/v7e-m+fp/hard/crtbegin.o
LOAD c:/users/hungv/appdata/roaming/xpacks/@gnu-mcu-eclipse/arm-none-eabi-gcc/8.2.1-1.7.1/.content/bin/../lib/gcc/arm-none-eabi/8.2.1/../../../../arm-none-eabi/lib/thumb/v7e-m+fp/hard/crt0.o
LOAD build/main.o
LOAD build/i2c_driver.o
LOAD build/ov2640.o
LOAD build/io_pin_driver.o
LOAD build/hdmi_driver.o
LOAD build/stmpe1600.o
LOAD build/stm32f4xx_it.o
LOAD build/stm32f4xx_hal_msp.o
LOAD build/stm32f4xx_hal_dcmi.o
LOAD build/stm32f4xx_hal_dcmi_ex.o
LOAD build/stm32f4xx_hal_i2c.o
LOAD build/stm32f4xx_hal_i2c_ex.o
LOAD build/stm32f4xx_hal_tim.o
LOAD build/stm32f4xx_hal_tim_ex.o
LOAD build/stm32f4xx_hal_rcc.o
LOAD build/stm32f4xx_hal_rcc_ex.o
LOAD build/stm32f4xx_hal_flash.o
LOAD build/stm32f4xx_hal_flash_ex.o
LOAD build/stm32f4xx_hal_flash_ramfunc.o
LOAD build/stm32f4xx_hal_gpio.o
LOAD build/stm32f4xx_hal_dma_ex.o
LOAD build/stm32f4xx_hal_dma.o
LOAD build/stm32f4xx_hal_pwr.o
LOAD build/stm32f4xx_hal_pwr_ex.o
LOAD build/stm32f4xx_hal_cortex.o
LOAD build/stm32f4xx_hal.o
LOAD build/stm32f4xx_hal_exti.o
LOAD build/system_stm32f4xx.o
LOAD build/startup_stm32f407xx.o
LOAD c:/users/hungv/appdata/roaming/xpacks/@gnu-mcu-eclipse/arm-none-eabi-gcc/8.2.1-1.7.1/.content/bin/../lib/gcc/arm-none-eabi/8.2.1/../../../../arm-none-eabi/lib/thumb/v7e-m+fp/hard\libc_nano.a
LOAD c:/users/hungv/appdata/roaming/xpacks/@gnu-mcu-eclipse/arm-none-eabi-gcc/8.2.1-1.7.1/.content/bin/../lib/gcc/arm-none-eabi/8.2.1/../../../../arm-none-eabi/lib/thumb/v7e-m+fp/hard\libm.a
LOAD c:/users/hungv/appdata/roaming/xpacks/@gnu-mcu-eclipse/arm-none-eabi-gcc/8.2.1-1.7.1/.content/bin/../lib/gcc/arm-none-eabi/8.2.1/../../../../arm-none-eabi/lib/thumb/v7e-m+fp/hard\libnosys.a
START GROUP
LOAD c:/users/hungv/appdata/roaming/xpacks/@gnu-mcu-eclipse/arm-none-eabi-gcc/8.2.1-1.7.1/.content/bin/../lib/gcc/arm-none-eabi/8.2.1/thumb/v7e-m+fp/hard\libgcc.a
LOAD c:/users/hungv/appdata/roaming/xpacks/@gnu-mcu-eclipse/arm-none-eabi-gcc/8.2.1-1.7.1/.content/bin/../lib/gcc/arm-none-eabi/8.2.1/../../../../arm-none-eabi/lib/thumb/v7e-m+fp/hard\libc_nano.a
END GROUP
START GROUP
LOAD c:/users/hungv/appdata/roaming/xpacks/@gnu-mcu-eclipse/arm-none-eabi-gcc/8.2.1-1.7.1/.content/bin/../lib/gcc/arm-none-eabi/8.2.1/thumb/v7e-m+fp/hard\libgcc.a
LOAD c:/users/hungv/appdata/roaming/xpacks/@gnu-mcu-eclipse/arm-none-eabi-gcc/8.2.1-1.7.1/.content/bin/../lib/gcc/arm-none-eabi/8.2.1/../../../../arm-none-eabi/lib/thumb/v7e-m+fp/hard\libc_nano.a
END GROUP
LOAD c:/users/hungv/appdata/roaming/xpacks/@gnu-mcu-eclipse/arm-none-eabi-gcc/8.2.1-1.7.1/.content/bin/../lib/gcc/arm-none-eabi/8.2.1/thumb/v7e-m+fp/hard/crtend.o
LOAD c:/users/hungv/appdata/roaming/xpacks/@gnu-mcu-eclipse/arm-none-eabi-gcc/8.2.1-1.7.1/.content/bin/../lib/gcc/arm-none-eabi/8.2.1/thumb/v7e-m+fp/hard/crtn.o
                0x0000000020020000                _estack = 0x20020000
                0x0000000000000200                _Min_Heap_Size = 0x200
                0x0000000000000400                _Min_Stack_Size = 0x400

.isr_vector     0x0000000008000000      0x188
                0x0000000008000000                . = ALIGN (0x4)
 *(.isr_vector)
 .isr_vector    0x0000000008000000      0x188 build/startup_stm32f407xx.o
                0x0000000008000000                g_pfnVectors
                0x0000000008000188                . = ALIGN (0x4)

.text           0x0000000008000190     0x3bcc
                0x0000000008000190                . = ALIGN (0x4)
 *(.text)
 .text          0x0000000008000190       0xa0 c:/users/hungv/appdata/roaming/xpacks/@gnu-mcu-eclipse/arm-none-eabi-gcc/8.2.1-1.7.1/.content/bin/../lib/gcc/arm-none-eabi/8.2.1/../../../../arm-none-eabi/lib/thumb/v7e-m+fp/hard\libc_nano.a(lib_a-memchr.o)
                0x0000000008000190                memchr
 .text          0x0000000008000230       0x30 c:/users/hungv/appdata/roaming/xpacks/@gnu-mcu-eclipse/arm-none-eabi-gcc/8.2.1-1.7.1/.content/bin/../lib/gcc/arm-none-eabi/8.2.1/thumb/v7e-m+fp/hard\libgcc.a(_aeabi_uldivmod.o)
                0x0000000008000230                __aeabi_uldivmod
 .text          0x0000000008000260        0x4 c:/users/hungv/appdata/roaming/xpacks/@gnu-mcu-eclipse/arm-none-eabi-gcc/8.2.1-1.7.1/.content/bin/../lib/gcc/arm-none-eabi/8.2.1/thumb/v7e-m+fp/hard\libgcc.a(_dvmd_tls.o)
                0x0000000008000260                __aeabi_idiv0
                0x0000000008000260                __aeabi_ldiv0
 *(.text*)
 .text.deregister_tm_clones
                0x0000000008000264       0x1c c:/users/hungv/appdata/roaming/xpacks/@gnu-mcu-eclipse/arm-none-eabi-gcc/8.2.1-1.7.1/.content/bin/../lib/gcc/arm-none-eabi/8.2.1/thumb/v7e-m+fp/hard/crtbegin.o
 .text.register_tm_clones
                0x0000000008000280       0x24 c:/users/hungv/appdata/roaming/xpacks/@gnu-mcu-eclipse/arm-none-eabi-gcc/8.2.1-1.7.1/.content/bin/../lib/gcc/arm-none-eabi/8.2.1/thumb/v7e-m+fp/hard/crtbegin.o
 .text.__do_global_dtors_aux
                0x00000000080002a4       0x28 c:/users/hungv/appdata/roaming/xpacks/@gnu-mcu-eclipse/arm-none-eabi-gcc/8.2.1-1.7.1/.content/bin/../lib/gcc/arm-none-eabi/8.2.1/thumb/v7e-m+fp/hard/crtbegin.o
 .text.frame_dummy
                0x00000000080002cc       0x24 c:/users/hungv/appdata/roaming/xpacks/@gnu-mcu-eclipse/arm-none-eabi-gcc/8.2.1-1.7.1/.content/bin/../lib/gcc/arm-none-eabi/8.2.1/thumb/v7e-m+fp/hard/crtbegin.o
 .text.MX_GPIO_Init
                0x00000000080002f0       0x60 build/main.o
 .text.MX_DCMI_Init
                0x0000000008000350       0x28 build/main.o
 .text.MX_I2C1_Init
                0x0000000008000378       0x34 build/main.o
 .text.SystemClock_Config
                0x00000000080003ac       0x7c build/main.o
                0x00000000080003ac                SystemClock_Config
 .text.main     0x0000000008000428       0x44 build/main.o
                0x0000000008000428                main
 .text.I2Cx_MspInit
                0x000000000800046c       0x98 build/i2c_driver.o
                0x000000000800046c                I2Cx_MspInit
 .text.I2Cx_Init
                0x0000000008000504       0x44 build/i2c_driver.o
                0x0000000008000504                I2Cx_Init
 .text.I2Cx_ITConfig
                0x0000000008000548       0x7c build/i2c_driver.o
                0x0000000008000548                I2Cx_ITConfig
 .text.I2Cx_Error
                0x00000000080005c4       0x14 build/i2c_driver.o
                0x00000000080005c4                I2Cx_Error
 .text.I2Cx_Write
                0x00000000080005d8       0x34 build/i2c_driver.o
                0x00000000080005d8                I2Cx_Write
 .text.I2Cx_Read
                0x000000000800060c       0x3c build/i2c_driver.o
                0x000000000800060c                I2Cx_Read
 .text.I2Cx_ReadMultiple
                0x0000000008000648       0x50 build/i2c_driver.o
                0x0000000008000648                I2Cx_ReadMultiple
 .text.I2Cx_WriteMultiple
                0x0000000008000698       0x38 build/i2c_driver.o
                0x0000000008000698                I2Cx_WriteMultiple
 .text.ov2640_ConvertValue
                0x00000000080006d0       0xa0 build/ov2640.o
 .text.CAMERA_IO_Init
                0x0000000008000770        0x8 build/ov2640.o
                0x0000000008000770                CAMERA_IO_Init
 .text.CAMERA_IO_Write
                0x0000000008000778        0x8 build/ov2640.o
                0x0000000008000778                CAMERA_IO_Write
 .text.ov2640_Config
                0x0000000008000780      0x10e build/ov2640.o
                0x0000000008000780                ov2640_Config
 .text.CAMERA_IO_Read
                0x000000000800088e        0x8 build/ov2640.o
                0x000000000800088e                CAMERA_IO_Read
 .text.ov2640_ReadID
                0x0000000008000896       0x1e build/ov2640.o
                0x0000000008000896                ov2640_ReadID
 .text.CAMERA_Delay
                0x00000000080008b4        0x8 build/ov2640.o
                0x00000000080008b4                CAMERA_Delay
 .text.ov2640_Init
                0x00000000080008bc       0xcc build/ov2640.o
                0x00000000080008bc                ov2640_Init
 .text.BSP_IO_Init
                0x0000000008000988       0x38 build/io_pin_driver.o
                0x0000000008000988                BSP_IO_Init
 .text.BSP_IO_ConfigPin
                0x00000000080009c0       0x18 build/io_pin_driver.o
                0x00000000080009c0                BSP_IO_ConfigPin
 .text.BSP_IO_WritePin
                0x00000000080009d8       0x18 build/io_pin_driver.o
                0x00000000080009d8                BSP_IO_WritePin
 .text.BSP_IO_ReadPin
                0x00000000080009f0       0x18 build/io_pin_driver.o
                0x00000000080009f0                BSP_IO_ReadPin
 .text.BSP_CAMERA_MsInit
                0x0000000008000a08       0xdc build/hdmi_driver.o
                0x0000000008000a08                BSP_CAMERA_MsInit
 .text.BSP_CAMERA_Init
                0x0000000008000ae4       0x7c build/hdmi_driver.o
                0x0000000008000ae4                BSP_CAMERA_Init
 .text.BSP_CAMERA_Resume
                0x0000000008000b60       0x10 build/hdmi_driver.o
                0x0000000008000b60                BSP_CAMERA_Resume
 .text.stmpe1600_Start
                0x0000000008000b70        0x2 build/stmpe1600.o
                0x0000000008000b70                stmpe1600_Start
 *fill*         0x0000000008000b72        0x2 
 .text.stmpe1600_GetInstance
                0x0000000008000b74       0x20 build/stmpe1600.o
 .text.IOE_Init
                0x0000000008000b94        0x8 build/stmpe1600.o
                0x0000000008000b94                IOE_Init
 .text.IOE_ITConfig
                0x0000000008000b9c        0x8 build/stmpe1600.o
                0x0000000008000b9c                IOE_ITConfig
 .text.IOE_Write
                0x0000000008000ba4        0x8 build/stmpe1600.o
                0x0000000008000ba4                IOE_Write
 .text.IOE_Read
                0x0000000008000bac        0x8 build/stmpe1600.o
                0x0000000008000bac                IOE_Read
 .text.IOE_ReadMultiple
                0x0000000008000bb4       0x14 build/stmpe1600.o
                0x0000000008000bb4                IOE_ReadMultiple
 .text.stmpe1600_ReadID
                0x0000000008000bc8       0x30 build/stmpe1600.o
                0x0000000008000bc8                stmpe1600_ReadID
 .text.stmpe1600_IO_ReadPin
                0x0000000008000bf8       0x38 build/stmpe1600.o
                0x0000000008000bf8                stmpe1600_IO_ReadPin
 .text.stmpe1600_IO_ITStatus
                0x0000000008000c30       0x40 build/stmpe1600.o
                0x0000000008000c30                stmpe1600_IO_ITStatus
 .text.stmpe1600_IO_ClearIT
                0x0000000008000c70       0x20 build/stmpe1600.o
                0x0000000008000c70                stmpe1600_IO_ClearIT
 .text.IOE_WriteMultiple
                0x0000000008000c90       0x14 build/stmpe1600.o
                0x0000000008000c90                IOE_WriteMultiple
 .text.stmpe1600_IO_WritePin
                0x0000000008000ca4       0x58 build/stmpe1600.o
                0x0000000008000ca4                stmpe1600_IO_WritePin
 .text.IOE_Delay
                0x0000000008000cfc        0x8 build/stmpe1600.o
                0x0000000008000cfc                IOE_Delay
 .text.stmpe1600_Reset
                0x0000000008000d04       0x26 build/stmpe1600.o
                0x0000000008000d04                stmpe1600_Reset
 *fill*         0x0000000008000d2a        0x2 
 .text.stmpe1600_Init
                0x0000000008000d2c       0x2c build/stmpe1600.o
                0x0000000008000d2c                stmpe1600_Init
 .text.stmpe1600_SetITPolarity
                0x0000000008000d58       0x1e build/stmpe1600.o
                0x0000000008000d58                stmpe1600_SetITPolarity
 *fill*         0x0000000008000d76        0x2 
 .text.stmpe1600_EnableGlobalIT
                0x0000000008000d78       0x48 build/stmpe1600.o
                0x0000000008000d78                stmpe1600_EnableGlobalIT
 .text.stmpe1600_IO_InitPin
                0x0000000008000dc0       0x58 build/stmpe1600.o
                0x0000000008000dc0                stmpe1600_IO_InitPin
 .text.stmpe1600_IO_EnablePinIT
                0x0000000008000e18       0x4c build/stmpe1600.o
                0x0000000008000e18                stmpe1600_IO_EnablePinIT
 .text.stmpe1600_IO_DisablePinIT
                0x0000000008000e64       0x48 build/stmpe1600.o
                0x0000000008000e64                stmpe1600_IO_DisablePinIT
 .text.stmpe1600_IO_Config
                0x0000000008000eac       0xa8 build/stmpe1600.o
                0x0000000008000eac                stmpe1600_IO_Config
 .text.NMI_Handler
                0x0000000008000f54        0x2 build/stm32f4xx_it.o
                0x0000000008000f54                NMI_Handler
 .text.HardFault_Handler
                0x0000000008000f56        0x2 build/stm32f4xx_it.o
                0x0000000008000f56                HardFault_Handler
 .text.MemManage_Handler
                0x0000000008000f58        0x2 build/stm32f4xx_it.o
                0x0000000008000f58                MemManage_Handler
 .text.BusFault_Handler
                0x0000000008000f5a        0x2 build/stm32f4xx_it.o
                0x0000000008000f5a                BusFault_Handler
 .text.UsageFault_Handler
                0x0000000008000f5c        0x2 build/stm32f4xx_it.o
                0x0000000008000f5c                UsageFault_Handler
 .text.SVC_Handler
                0x0000000008000f5e        0x2 build/stm32f4xx_it.o
                0x0000000008000f5e                SVC_Handler
 .text.DebugMon_Handler
                0x0000000008000f60        0x2 build/stm32f4xx_it.o
                0x0000000008000f60                DebugMon_Handler
 .text.PendSV_Handler
                0x0000000008000f62        0x2 build/stm32f4xx_it.o
                0x0000000008000f62                PendSV_Handler
 .text.SysTick_Handler
                0x0000000008000f64        0x8 build/stm32f4xx_it.o
                0x0000000008000f64                SysTick_Handler
 .text.HAL_MspInit
                0x0000000008000f6c       0x38 build/stm32f4xx_hal_msp.o
                0x0000000008000f6c                HAL_MspInit
 .text.HAL_DCMI_MspInit
                0x0000000008000fa4       0xf0 build/stm32f4xx_hal_msp.o
                0x0000000008000fa4                HAL_DCMI_MspInit
 .text.HAL_I2C_MspInit
                0x0000000008001094       0x74 build/stm32f4xx_hal_msp.o
                0x0000000008001094                HAL_I2C_MspInit
 .text.HAL_I2C_MspDeInit
                0x0000000008001108       0x30 build/stm32f4xx_hal_msp.o
                0x0000000008001108                HAL_I2C_MspDeInit
 .text.HAL_DCMI_Resume
                0x0000000008001138       0x38 build/stm32f4xx_hal_dcmi.o
                0x0000000008001138                HAL_DCMI_Resume
 .text.HAL_DCMI_Init
                0x0000000008001170       0x84 build/stm32f4xx_hal_dcmi_ex.o
                0x0000000008001170                HAL_DCMI_Init
 .text.I2C_IsAcknowledgeFailed
                0x00000000080011f4       0x32 build/stm32f4xx_hal_i2c.o
 .text.I2C_WaitOnFlagUntilTimeout
                0x0000000008001226       0x70 build/stm32f4xx_hal_i2c.o
 .text.I2C_WaitOnMasterAddressFlagUntilTimeout
                0x0000000008001296       0xa4 build/stm32f4xx_hal_i2c.o
 *fill*         0x000000000800133a        0x2 
 .text.I2C_MasterRequestRead
                0x000000000800133c      0x104 build/stm32f4xx_hal_i2c.o
 .text.I2C_WaitOnTXEFlagUntilTimeout
                0x0000000008001440       0x54 build/stm32f4xx_hal_i2c.o
 .text.I2C_RequestMemoryWrite
                0x0000000008001494       0xc8 build/stm32f4xx_hal_i2c.o
 .text.I2C_RequestMemoryRead
                0x000000000800155c      0x12c build/stm32f4xx_hal_i2c.o
 .text.I2C_WaitOnBTFFlagUntilTimeout
                0x0000000008001688       0x54 build/stm32f4xx_hal_i2c.o
 .text.I2C_WaitOnRXNEFlagUntilTimeout
                0x00000000080016dc       0x6a build/stm32f4xx_hal_i2c.o
 *fill*         0x0000000008001746        0x2 
 .text.HAL_I2C_Init
                0x0000000008001748      0x1a4 build/stm32f4xx_hal_i2c.o
                0x0000000008001748                HAL_I2C_Init
 .text.HAL_I2C_DeInit
                0x00000000080018ec       0x32 build/stm32f4xx_hal_i2c.o
                0x00000000080018ec                HAL_I2C_DeInit
 *fill*         0x000000000800191e        0x2 
 .text.HAL_I2C_Master_Receive
                0x0000000008001920      0x2d0 build/stm32f4xx_hal_i2c.o
                0x0000000008001920                HAL_I2C_Master_Receive
 .text.HAL_I2C_Mem_Write
                0x0000000008001bf0      0x164 build/stm32f4xx_hal_i2c.o
                0x0000000008001bf0                HAL_I2C_Mem_Write
 .text.HAL_I2C_Mem_Read
                0x0000000008001d54      0x2d0 build/stm32f4xx_hal_i2c.o
                0x0000000008001d54                HAL_I2C_Mem_Read
 .text.HAL_I2C_GetState
                0x0000000008002024        0x6 build/stm32f4xx_hal_i2c.o
                0x0000000008002024                HAL_I2C_GetState
 *fill*         0x000000000800202a        0x2 
 .text.HAL_RCC_OscConfig
                0x000000000800202c      0x398 build/stm32f4xx_hal_rcc.o
                0x000000000800202c                HAL_RCC_OscConfig
 .text.HAL_RCC_GetSysClockFreq
                0x00000000080023c4       0xa4 build/stm32f4xx_hal_rcc.o
                0x00000000080023c4                HAL_RCC_GetSysClockFreq
 .text.HAL_RCC_ClockConfig
                0x0000000008002468      0x15c build/stm32f4xx_hal_rcc.o
                0x0000000008002468                HAL_RCC_ClockConfig
 .text.HAL_RCC_GetHCLKFreq
                0x00000000080025c4        0xc build/stm32f4xx_hal_rcc.o
                0x00000000080025c4                HAL_RCC_GetHCLKFreq
 .text.HAL_RCC_GetPCLK1Freq
                0x00000000080025d0       0x20 build/stm32f4xx_hal_rcc.o
                0x00000000080025d0                HAL_RCC_GetPCLK1Freq
 .text.HAL_GPIO_Init
                0x00000000080025f0      0x1c8 build/stm32f4xx_hal_gpio.o
                0x00000000080025f0                HAL_GPIO_Init
 .text.HAL_GPIO_DeInit
                0x00000000080027b8      0x124 build/stm32f4xx_hal_gpio.o
                0x00000000080027b8                HAL_GPIO_DeInit
 .text.HAL_NVIC_SetPriorityGrouping
                0x00000000080028dc       0x24 build/stm32f4xx_hal_cortex.o
                0x00000000080028dc                HAL_NVIC_SetPriorityGrouping
 .text.HAL_NVIC_SetPriority
                0x0000000008002900       0x68 build/stm32f4xx_hal_cortex.o
                0x0000000008002900                HAL_NVIC_SetPriority
 .text.HAL_NVIC_EnableIRQ
                0x0000000008002968       0x1c build/stm32f4xx_hal_cortex.o
                0x0000000008002968                HAL_NVIC_EnableIRQ
 .text.HAL_SYSTICK_Config
                0x0000000008002984       0x2c build/stm32f4xx_hal_cortex.o
                0x0000000008002984                HAL_SYSTICK_Config
 .text.HAL_InitTick
                0x00000000080029b0       0x4c build/stm32f4xx_hal.o
                0x00000000080029b0                HAL_InitTick
 .text.HAL_Init
                0x00000000080029fc       0x34 build/stm32f4xx_hal.o
                0x00000000080029fc                HAL_Init
 .text.HAL_IncTick
                0x0000000008002a30       0x18 build/stm32f4xx_hal.o
                0x0000000008002a30                HAL_IncTick
 .text.HAL_GetTick
                0x0000000008002a48        0xc build/stm32f4xx_hal.o
                0x0000000008002a48                HAL_GetTick
 .text.HAL_Delay
                0x0000000008002a54       0x28 build/stm32f4xx_hal.o
                0x0000000008002a54                HAL_Delay
 .text.SystemInit
                0x0000000008002a7c       0x4c build/system_stm32f4xx.o
                0x0000000008002a7c                SystemInit
 .text.Reset_Handler
                0x0000000008002ac8       0x50 build/startup_stm32f407xx.o
                0x0000000008002ac8                Reset_Handler
 .text.Default_Handler
                0x0000000008002b18        0x2 build/startup_stm32f407xx.o
                0x0000000008002b18                RTC_Alarm_IRQHandler
                0x0000000008002b18                HASH_RNG_IRQHandler
                0x0000000008002b18                EXTI2_IRQHandler
                0x0000000008002b18                TIM8_CC_IRQHandler
                0x0000000008002b18                TIM1_CC_IRQHandler
                0x0000000008002b18                DMA2_Stream5_IRQHandler
                0x0000000008002b18                DMA1_Stream5_IRQHandler
                0x0000000008002b18                PVD_IRQHandler
                0x0000000008002b18                SDIO_IRQHandler
                0x0000000008002b18                TAMP_STAMP_IRQHandler
                0x0000000008002b18                CAN2_RX1_IRQHandler
                0x0000000008002b18                EXTI3_IRQHandler
                0x0000000008002b18                TIM8_TRG_COM_TIM14_IRQHandler
                0x0000000008002b18                TIM1_UP_TIM10_IRQHandler
                0x0000000008002b18                TIM8_UP_TIM13_IRQHandler
                0x0000000008002b18                I2C3_ER_IRQHandler
                0x0000000008002b18                EXTI0_IRQHandler
                0x0000000008002b18                I2C2_EV_IRQHandler
                0x0000000008002b18                DMA1_Stream2_IRQHandler
                0x0000000008002b18                CAN1_RX0_IRQHandler
                0x0000000008002b18                FPU_IRQHandler
                0x0000000008002b18                OTG_HS_WKUP_IRQHandler
                0x0000000008002b18                CAN2_SCE_IRQHandler
                0x0000000008002b18                DMA2_Stream2_IRQHandler
                0x0000000008002b18                SPI1_IRQHandler
                0x0000000008002b18                TIM6_DAC_IRQHandler
                0x0000000008002b18                TIM1_BRK_TIM9_IRQHandler
                0x0000000008002b18                DCMI_IRQHandler
                0x0000000008002b18                CAN2_RX0_IRQHandler
                0x0000000008002b18                DMA2_Stream3_IRQHandler
                0x0000000008002b18                USART6_IRQHandler
                0x0000000008002b18                USART3_IRQHandler
                0x0000000008002b18                CAN1_RX1_IRQHandler
                0x0000000008002b18                UART5_IRQHandler
                0x0000000008002b18                DMA2_Stream0_IRQHandler
                0x0000000008002b18                TIM4_IRQHandler
                0x0000000008002b18                I2C1_EV_IRQHandler
                0x0000000008002b18                DMA1_Stream6_IRQHandler
                0x0000000008002b18                DMA1_Stream1_IRQHandler
                0x0000000008002b18                UART4_IRQHandler
                0x0000000008002b18                TIM3_IRQHandler
                0x0000000008002b18                RCC_IRQHandler
                0x0000000008002b18                TIM8_BRK_TIM12_IRQHandler
                0x0000000008002b18                Default_Handler
                0x0000000008002b18                EXTI15_10_IRQHandler
                0x0000000008002b18                ADC_IRQHandler
                0x0000000008002b18                DMA1_Stream7_IRQHandler
                0x0000000008002b18                TIM7_IRQHandler
                0x0000000008002b18                CAN2_TX_IRQHandler
                0x0000000008002b18                TIM5_IRQHandler
                0x0000000008002b18                DMA2_Stream7_IRQHandler
                0x0000000008002b18                I2C3_EV_IRQHandler
                0x0000000008002b18                EXTI9_5_IRQHandler
                0x0000000008002b18                RTC_WKUP_IRQHandler
                0x0000000008002b18                ETH_WKUP_IRQHandler
                0x0000000008002b18                SPI2_IRQHandler
                0x0000000008002b18                OTG_HS_EP1_IN_IRQHandler
                0x0000000008002b18                DMA1_Stream0_IRQHandler
                0x0000000008002b18                CAN1_TX_IRQHandler
                0x0000000008002b18                EXTI4_IRQHandler
                0x0000000008002b18                FSMC_IRQHandler
                0x0000000008002b18                ETH_IRQHandler
                0x0000000008002b18                OTG_HS_EP1_OUT_IRQHandler
                0x0000000008002b18                WWDG_IRQHandler
                0x0000000008002b18                TIM2_IRQHandler
                0x0000000008002b18                OTG_FS_WKUP_IRQHandler
                0x0000000008002b18                TIM1_TRG_COM_TIM11_IRQHandler
                0x0000000008002b18                OTG_HS_IRQHandler
                0x0000000008002b18                EXTI1_IRQHandler
                0x0000000008002b18                USART2_IRQHandler
                0x0000000008002b18                I2C2_ER_IRQHandler
                0x0000000008002b18                DMA2_Stream1_IRQHandler
                0x0000000008002b18                CAN1_SCE_IRQHandler
                0x0000000008002b18                FLASH_IRQHandler
                0x0000000008002b18                DMA2_Stream4_IRQHandler
                0x0000000008002b18                USART1_IRQHandler
                0x0000000008002b18                OTG_FS_IRQHandler
                0x0000000008002b18                SPI3_IRQHandler
                0x0000000008002b18                DMA1_Stream4_IRQHandler
                0x0000000008002b18                I2C1_ER_IRQHandler
                0x0000000008002b18                DMA2_Stream6_IRQHandler
                0x0000000008002b18                DMA1_Stream3_IRQHandler
 *fill*         0x0000000008002b1a        0x2 
 .text.__libc_init_array
                0x0000000008002b1c       0x48 c:/users/hungv/appdata/roaming/xpacks/@gnu-mcu-eclipse/arm-none-eabi-gcc/8.2.1-1.7.1/.content/bin/../lib/gcc/arm-none-eabi/8.2.1/../../../../arm-none-eabi/lib/thumb/v7e-m+fp/hard\libc_nano.a(lib_a-init.o)
                0x0000000008002b1c                __libc_init_array
 .text.memset   0x0000000008002b64       0x10 c:/users/hungv/appdata/roaming/xpacks/@gnu-mcu-eclipse/arm-none-eabi-gcc/8.2.1-1.7.1/.content/bin/../lib/gcc/arm-none-eabi/8.2.1/../../../../arm-none-eabi/lib/thumb/v7e-m+fp/hard\libc_nano.a(lib_a-memset.o)
                0x0000000008002b64                memset
 .text.printf   0x0000000008002b74       0x30 c:/users/hungv/appdata/roaming/xpacks/@gnu-mcu-eclipse/arm-none-eabi-gcc/8.2.1-1.7.1/.content/bin/../lib/gcc/arm-none-eabi/8.2.1/../../../../arm-none-eabi/lib/thumb/v7e-m+fp/hard\libc_nano.a(lib_a-printf.o)
                0x0000000008002b74                iprintf
                0x0000000008002b74                printf
 .text.std      0x0000000008002ba4       0x48 c:/users/hungv/appdata/roaming/xpacks/@gnu-mcu-eclipse/arm-none-eabi-gcc/8.2.1-1.7.1/.content/bin/../lib/gcc/arm-none-eabi/8.2.1/../../../../arm-none-eabi/lib/thumb/v7e-m+fp/hard\libc_nano.a(lib_a-findfp.o)
 .text._cleanup_r
                0x0000000008002bec        0xc c:/users/hungv/appdata/roaming/xpacks/@gnu-mcu-eclipse/arm-none-eabi-gcc/8.2.1-1.7.1/.content/bin/../lib/gcc/arm-none-eabi/8.2.1/../../../../arm-none-eabi/lib/thumb/v7e-m+fp/hard\libc_nano.a(lib_a-findfp.o)
                0x0000000008002bec                _cleanup_r
 .text.__sfmoreglue
                0x0000000008002bf8       0x2c c:/users/hungv/appdata/roaming/xpacks/@gnu-mcu-eclipse/arm-none-eabi-gcc/8.2.1-1.7.1/.content/bin/../lib/gcc/arm-none-eabi/8.2.1/../../../../arm-none-eabi/lib/thumb/v7e-m+fp/hard\libc_nano.a(lib_a-findfp.o)
                0x0000000008002bf8                __sfmoreglue
 .text.__sfp_lock_acquire
                0x0000000008002c24        0xc c:/users/hungv/appdata/roaming/xpacks/@gnu-mcu-eclipse/arm-none-eabi-gcc/8.2.1-1.7.1/.content/bin/../lib/gcc/arm-none-eabi/8.2.1/../../../../arm-none-eabi/lib/thumb/v7e-m+fp/hard\libc_nano.a(lib_a-findfp.o)
                0x0000000008002c24                __sfp_lock_acquire
 .text.__sfp_lock_release
                0x0000000008002c30        0xc c:/users/hungv/appdata/roaming/xpacks/@gnu-mcu-eclipse/arm-none-eabi-gcc/8.2.1-1.7.1/.content/bin/../lib/gcc/arm-none-eabi/8.2.1/../../../../arm-none-eabi/lib/thumb/v7e-m+fp/hard\libc_nano.a(lib_a-findfp.o)
                0x0000000008002c30                __sfp_lock_release
 .text.__sinit_lock_acquire
                0x0000000008002c3c        0xc c:/users/hungv/appdata/roaming/xpacks/@gnu-mcu-eclipse/arm-none-eabi-gcc/8.2.1-1.7.1/.content/bin/../lib/gcc/arm-none-eabi/8.2.1/../../../../arm-none-eabi/lib/thumb/v7e-m+fp/hard\libc_nano.a(lib_a-findfp.o)
                0x0000000008002c3c                __sinit_lock_acquire
 .text.__sinit_lock_release
                0x0000000008002c48        0xc c:/users/hungv/appdata/roaming/xpacks/@gnu-mcu-eclipse/arm-none-eabi-gcc/8.2.1-1.7.1/.content/bin/../lib/gcc/arm-none-eabi/8.2.1/../../../../arm-none-eabi/lib/thumb/v7e-m+fp/hard\libc_nano.a(lib_a-findfp.o)
                0x0000000008002c48                __sinit_lock_release
 .text.__sinit  0x0000000008002c54       0x70 c:/users/hungv/appdata/roaming/xpacks/@gnu-mcu-eclipse/arm-none-eabi-gcc/8.2.1-1.7.1/.content/bin/../lib/gcc/arm-none-eabi/8.2.1/../../../../arm-none-eabi/lib/thumb/v7e-m+fp/hard\libc_nano.a(lib_a-findfp.o)
                0x0000000008002c54                __sinit
 .text.__sfp    0x0000000008002cc4       0x8c c:/users/hungv/appdata/roaming/xpacks/@gnu-mcu-eclipse/arm-none-eabi-gcc/8.2.1-1.7.1/.content/bin/../lib/gcc/arm-none-eabi/8.2.1/../../../../arm-none-eabi/lib/thumb/v7e-m+fp/hard\libc_nano.a(lib_a-findfp.o)
                0x0000000008002cc4                __sfp
 .text._fwalk_reent
                0x0000000008002d50       0x3c c:/users/hungv/appdata/roaming/xpacks/@gnu-mcu-eclipse/arm-none-eabi-gcc/8.2.1-1.7.1/.content/bin/../lib/gcc/arm-none-eabi/8.2.1/../../../../arm-none-eabi/lib/thumb/v7e-m+fp/hard\libc_nano.a(lib_a-fwalk.o)
                0x0000000008002d50                _fwalk_reent
 .text.__retarget_lock_init_recursive
                0x0000000008002d8c        0x2 c:/users/hungv/appdata/roaming/xpacks/@gnu-mcu-eclipse/arm-none-eabi-gcc/8.2.1-1.7.1/.content/bin/../lib/gcc/arm-none-eabi/8.2.1/../../../../arm-none-eabi/lib/thumb/v7e-m+fp/hard\libc_nano.a(lib_a-lock.o)
                0x0000000008002d8c                __retarget_lock_init_recursive
 .text.__retarget_lock_acquire_recursive
                0x0000000008002d8e        0x2 c:/users/hungv/appdata/roaming/xpacks/@gnu-mcu-eclipse/arm-none-eabi-gcc/8.2.1-1.7.1/.content/bin/../lib/gcc/arm-none-eabi/8.2.1/../../../../arm-none-eabi/lib/thumb/v7e-m+fp/hard\libc_nano.a(lib_a-lock.o)
                0x0000000008002d8e                __retarget_lock_acquire_recursive
 .text.__retarget_lock_release_recursive
                0x0000000008002d90        0x2 c:/users/hungv/appdata/roaming/xpacks/@gnu-mcu-eclipse/arm-none-eabi-gcc/8.2.1-1.7.1/.content/bin/../lib/gcc/arm-none-eabi/8.2.1/../../../../arm-none-eabi/lib/thumb/v7e-m+fp/hard\libc_nano.a(lib_a-lock.o)
                0x0000000008002d90                __retarget_lock_release_recursive
 *fill*         0x0000000008002d92        0x2 
 .text._malloc_r
                0x0000000008002d94       0xb4 c:/users/hungv/appdata/roaming/xpacks/@gnu-mcu-eclipse/arm-none-eabi-gcc/8.2.1-1.7.1/.content/bin/../lib/gcc/arm-none-eabi/8.2.1/../../../../arm-none-eabi/lib/thumb/v7e-m+fp/hard\libc_nano.a(lib_a-nano-mallocr.o)
                0x0000000008002d94                _malloc_r
 .text.__sfputc_r
                0x0000000008002e48       0x2e c:/users/hungv/appdata/roaming/xpacks/@gnu-mcu-eclipse/arm-none-eabi-gcc/8.2.1-1.7.1/.content/bin/../lib/gcc/arm-none-eabi/8.2.1/../../../../arm-none-eabi/lib/thumb/v7e-m+fp/hard\libc_nano.a(lib_a-nano-vfprintf.o)
 .text.__sfputs_r
                0x0000000008002e76       0x24 c:/users/hungv/appdata/roaming/xpacks/@gnu-mcu-eclipse/arm-none-eabi-gcc/8.2.1-1.7.1/.content/bin/../lib/gcc/arm-none-eabi/8.2.1/../../../../arm-none-eabi/lib/thumb/v7e-m+fp/hard\libc_nano.a(lib_a-nano-vfprintf.o)
                0x0000000008002e76                __sfputs_r
 *fill*         0x0000000008002e9a        0x2 
 .text._vfprintf_r
                0x0000000008002e9c      0x250 c:/users/hungv/appdata/roaming/xpacks/@gnu-mcu-eclipse/arm-none-eabi-gcc/8.2.1-1.7.1/.content/bin/../lib/gcc/arm-none-eabi/8.2.1/../../../../arm-none-eabi/lib/thumb/v7e-m+fp/hard\libc_nano.a(lib_a-nano-vfprintf.o)
                0x0000000008002e9c                _vfprintf_r
                0x0000000008002e9c                _vfiprintf_r
 .text._printf_common
                0x00000000080030ec       0xea c:/users/hungv/appdata/roaming/xpacks/@gnu-mcu-eclipse/arm-none-eabi-gcc/8.2.1-1.7.1/.content/bin/../lib/gcc/arm-none-eabi/8.2.1/../../../../arm-none-eabi/lib/thumb/v7e-m+fp/hard\libc_nano.a(lib_a-nano-vfprintf_i.o)
                0x00000000080030ec                _printf_common
 *fill*         0x00000000080031d6        0x2 
 .text._printf_i
                0x00000000080031d8      0x228 c:/users/hungv/appdata/roaming/xpacks/@gnu-mcu-eclipse/arm-none-eabi-gcc/8.2.1-1.7.1/.content/bin/../lib/gcc/arm-none-eabi/8.2.1/../../../../arm-none-eabi/lib/thumb/v7e-m+fp/hard\libc_nano.a(lib_a-nano-vfprintf_i.o)
                0x00000000080031d8                _printf_i
 .text._sbrk_r  0x0000000008003400       0x20 c:/users/hungv/appdata/roaming/xpacks/@gnu-mcu-eclipse/arm-none-eabi-gcc/8.2.1-1.7.1/.content/bin/../lib/gcc/arm-none-eabi/8.2.1/../../../../arm-none-eabi/lib/thumb/v7e-m+fp/hard\libc_nano.a(lib_a-sbrkr.o)
                0x0000000008003400                _sbrk_r
 .text.__sread  0x0000000008003420       0x22 c:/users/hungv/appdata/roaming/xpacks/@gnu-mcu-eclipse/arm-none-eabi-gcc/8.2.1-1.7.1/.content/bin/../lib/gcc/arm-none-eabi/8.2.1/../../../../arm-none-eabi/lib/thumb/v7e-m+fp/hard\libc_nano.a(lib_a-stdio.o)
                0x0000000008003420                __sread
 .text.__swrite
                0x0000000008003442       0x38 c:/users/hungv/appdata/roaming/xpacks/@gnu-mcu-eclipse/arm-none-eabi-gcc/8.2.1-1.7.1/.content/bin/../lib/gcc/arm-none-eabi/8.2.1/../../../../arm-none-eabi/lib/thumb/v7e-m+fp/hard\libc_nano.a(lib_a-stdio.o)
                0x0000000008003442                __swrite
 .text.__sseek  0x000000000800347a       0x24 c:/users/hungv/appdata/roaming/xpacks/@gnu-mcu-eclipse/arm-none-eabi-gcc/8.2.1-1.7.1/.content/bin/../lib/gcc/arm-none-eabi/8.2.1/../../../../arm-none-eabi/lib/thumb/v7e-m+fp/hard\libc_nano.a(lib_a-stdio.o)
                0x000000000800347a                __sseek
 .text.__sclose
                0x000000000800349e        0x8 c:/users/hungv/appdata/roaming/xpacks/@gnu-mcu-eclipse/arm-none-eabi-gcc/8.2.1-1.7.1/.content/bin/../lib/gcc/arm-none-eabi/8.2.1/../../../../arm-none-eabi/lib/thumb/v7e-m+fp/hard\libc_nano.a(lib_a-stdio.o)
                0x000000000800349e                __sclose
 *fill*         0x00000000080034a6        0x2 
 .text.__swbuf_r
                0x00000000080034a8       0xa4 c:/users/hungv/appdata/roaming/xpacks/@gnu-mcu-eclipse/arm-none-eabi-gcc/8.2.1-1.7.1/.content/bin/../lib/gcc/arm-none-eabi/8.2.1/../../../../arm-none-eabi/lib/thumb/v7e-m+fp/hard\libc_nano.a(lib_a-wbuf.o)
                0x00000000080034a8                __swbuf_r
 .text._write_r
                0x000000000800354c       0x24 c:/users/hungv/appdata/roaming/xpacks/@gnu-mcu-eclipse/arm-none-eabi-gcc/8.2.1-1.7.1/.content/bin/../lib/gcc/arm-none-eabi/8.2.1/../../../../arm-none-eabi/lib/thumb/v7e-m+fp/hard\libc_nano.a(lib_a-writer.o)
                0x000000000800354c                _write_r
 .text.__swsetup_r
                0x0000000008003570       0xdc c:/users/hungv/appdata/roaming/xpacks/@gnu-mcu-eclipse/arm-none-eabi-gcc/8.2.1-1.7.1/.content/bin/../lib/gcc/arm-none-eabi/8.2.1/../../../../arm-none-eabi/lib/thumb/v7e-m+fp/hard\libc_nano.a(lib_a-wsetup.o)
                0x0000000008003570                __swsetup_r
 .text._close_r
                0x000000000800364c       0x20 c:/users/hungv/appdata/roaming/xpacks/@gnu-mcu-eclipse/arm-none-eabi-gcc/8.2.1-1.7.1/.content/bin/../lib/gcc/arm-none-eabi/8.2.1/../../../../arm-none-eabi/lib/thumb/v7e-m+fp/hard\libc_nano.a(lib_a-closer.o)
                0x000000000800364c                _close_r
 .text.__sflush_r
                0x000000000800366c      0x10c c:/users/hungv/appdata/roaming/xpacks/@gnu-mcu-eclipse/arm-none-eabi-gcc/8.2.1-1.7.1/.content/bin/../lib/gcc/arm-none-eabi/8.2.1/../../../../arm-none-eabi/lib/thumb/v7e-m+fp/hard\libc_nano.a(lib_a-fflush.o)
                0x000000000800366c                __sflush_r
 .text._fflush_r
                0x0000000008003778       0x78 c:/users/hungv/appdata/roaming/xpacks/@gnu-mcu-eclipse/arm-none-eabi-gcc/8.2.1-1.7.1/.content/bin/../lib/gcc/arm-none-eabi/8.2.1/../../../../arm-none-eabi/lib/thumb/v7e-m+fp/hard\libc_nano.a(lib_a-fflush.o)
                0x0000000008003778                _fflush_r
 .text._lseek_r
                0x00000000080037f0       0x24 c:/users/hungv/appdata/roaming/xpacks/@gnu-mcu-eclipse/arm-none-eabi-gcc/8.2.1-1.7.1/.content/bin/../lib/gcc/arm-none-eabi/8.2.1/../../../../arm-none-eabi/lib/thumb/v7e-m+fp/hard\libc_nano.a(lib_a-lseekr.o)
                0x00000000080037f0                _lseek_r
 .text.__swhatbuf_r
                0x0000000008003814       0x48 c:/users/hungv/appdata/roaming/xpacks/@gnu-mcu-eclipse/arm-none-eabi-gcc/8.2.1-1.7.1/.content/bin/../lib/gcc/arm-none-eabi/8.2.1/../../../../arm-none-eabi/lib/thumb/v7e-m+fp/hard\libc_nano.a(lib_a-makebuf.o)
                0x0000000008003814                __swhatbuf_r
 .text.__smakebuf_r
                0x000000000800385c       0x80 c:/users/hungv/appdata/roaming/xpacks/@gnu-mcu-eclipse/arm-none-eabi-gcc/8.2.1-1.7.1/.content/bin/../lib/gcc/arm-none-eabi/8.2.1/../../../../arm-none-eabi/lib/thumb/v7e-m+fp/hard\libc_nano.a(lib_a-makebuf.o)
                0x000000000800385c                __smakebuf_r
 .text.__malloc_lock
                0x00000000080038dc        0xc c:/users/hungv/appdata/roaming/xpacks/@gnu-mcu-eclipse/arm-none-eabi-gcc/8.2.1-1.7.1/.content/bin/../lib/gcc/arm-none-eabi/8.2.1/../../../../arm-none-eabi/lib/thumb/v7e-m+fp/hard\libc_nano.a(lib_a-mlock.o)
                0x00000000080038dc                __malloc_lock
 .text.__malloc_unlock
                0x00000000080038e8        0xc c:/users/hungv/appdata/roaming/xpacks/@gnu-mcu-eclipse/arm-none-eabi-gcc/8.2.1-1.7.1/.content/bin/../lib/gcc/arm-none-eabi/8.2.1/../../../../arm-none-eabi/lib/thumb/v7e-m+fp/hard\libc_nano.a(lib_a-mlock.o)
                0x00000000080038e8                __malloc_unlock
 .text._free_r  0x00000000080038f4       0x9c c:/users/hungv/appdata/roaming/xpacks/@gnu-mcu-eclipse/arm-none-eabi-gcc/8.2.1-1.7.1/.content/bin/../lib/gcc/arm-none-eabi/8.2.1/../../../../arm-none-eabi/lib/thumb/v7e-m+fp/hard\libc_nano.a(lib_a-nano-freer.o)
                0x00000000080038f4                _free_r
 .text._read_r  0x0000000008003990       0x24 c:/users/hungv/appdata/roaming/xpacks/@gnu-mcu-eclipse/arm-none-eabi-gcc/8.2.1-1.7.1/.content/bin/../lib/gcc/arm-none-eabi/8.2.1/../../../../arm-none-eabi/lib/thumb/v7e-m+fp/hard\libc_nano.a(lib_a-readr.o)
                0x0000000008003990                _read_r
 .text._fstat_r
                0x00000000080039b4       0x24 c:/users/hungv/appdata/roaming/xpacks/@gnu-mcu-eclipse/arm-none-eabi-gcc/8.2.1-1.7.1/.content/bin/../lib/gcc/arm-none-eabi/8.2.1/../../../../arm-none-eabi/lib/thumb/v7e-m+fp/hard\libc_nano.a(lib_a-fstatr.o)
                0x00000000080039b4                _fstat_r
 .text._isatty_r
                0x00000000080039d8       0x20 c:/users/hungv/appdata/roaming/xpacks/@gnu-mcu-eclipse/arm-none-eabi-gcc/8.2.1-1.7.1/.content/bin/../lib/gcc/arm-none-eabi/8.2.1/../../../../arm-none-eabi/lib/thumb/v7e-m+fp/hard\libc_nano.a(lib_a-isattyr.o)
                0x00000000080039d8                _isatty_r
 .text._close   0x00000000080039f8       0x10 c:/users/hungv/appdata/roaming/xpacks/@gnu-mcu-eclipse/arm-none-eabi-gcc/8.2.1-1.7.1/.content/bin/../lib/gcc/arm-none-eabi/8.2.1/../../../../arm-none-eabi/lib/thumb/v7e-m+fp/hard\libnosys.a(close.o)
                0x00000000080039f8                _close
 .text._fstat   0x0000000008003a08       0x10 c:/users/hungv/appdata/roaming/xpacks/@gnu-mcu-eclipse/arm-none-eabi-gcc/8.2.1-1.7.1/.content/bin/../lib/gcc/arm-none-eabi/8.2.1/../../../../arm-none-eabi/lib/thumb/v7e-m+fp/hard\libnosys.a(fstat.o)
                0x0000000008003a08                _fstat
 .text._isatty  0x0000000008003a18       0x10 c:/users/hungv/appdata/roaming/xpacks/@gnu-mcu-eclipse/arm-none-eabi-gcc/8.2.1-1.7.1/.content/bin/../lib/gcc/arm-none-eabi/8.2.1/../../../../arm-none-eabi/lib/thumb/v7e-m+fp/hard\libnosys.a(isatty.o)
                0x0000000008003a18                _isatty
 .text._lseek   0x0000000008003a28       0x10 c:/users/hungv/appdata/roaming/xpacks/@gnu-mcu-eclipse/arm-none-eabi-gcc/8.2.1-1.7.1/.content/bin/../lib/gcc/arm-none-eabi/8.2.1/../../../../arm-none-eabi/lib/thumb/v7e-m+fp/hard\libnosys.a(lseek.o)
                0x0000000008003a28                _lseek
 .text._read    0x0000000008003a38       0x10 c:/users/hungv/appdata/roaming/xpacks/@gnu-mcu-eclipse/arm-none-eabi-gcc/8.2.1-1.7.1/.content/bin/../lib/gcc/arm-none-eabi/8.2.1/../../../../arm-none-eabi/lib/thumb/v7e-m+fp/hard\libnosys.a(read.o)
                0x0000000008003a38                _read
 .text._sbrk    0x0000000008003a48       0x1c c:/users/hungv/appdata/roaming/xpacks/@gnu-mcu-eclipse/arm-none-eabi-gcc/8.2.1-1.7.1/.content/bin/../lib/gcc/arm-none-eabi/8.2.1/../../../../arm-none-eabi/lib/thumb/v7e-m+fp/hard\libnosys.a(sbrk.o)
                0x0000000008003a48                _sbrk
 .text._write   0x0000000008003a64       0x10 c:/users/hungv/appdata/roaming/xpacks/@gnu-mcu-eclipse/arm-none-eabi-gcc/8.2.1-1.7.1/.content/bin/../lib/gcc/arm-none-eabi/8.2.1/../../../../arm-none-eabi/lib/thumb/v7e-m+fp/hard\libnosys.a(write.o)
                0x0000000008003a64                _write
 .text.__udivmoddi4
                0x0000000008003a74      0x2d0 c:/users/hungv/appdata/roaming/xpacks/@gnu-mcu-eclipse/arm-none-eabi-gcc/8.2.1-1.7.1/.content/bin/../lib/gcc/arm-none-eabi/8.2.1/thumb/v7e-m+fp/hard\libgcc.a(_udivmoddi4.o)
                0x0000000008003a74                __udivmoddi4
 *(.glue_7)
 .glue_7        0x0000000008003d44        0x0 linker stubs
 *(.glue_7t)
 .glue_7t       0x0000000008003d44        0x0 linker stubs
 *(.eh_frame)
 .eh_frame      0x0000000008003d44        0x0 c:/users/hungv/appdata/roaming/xpacks/@gnu-mcu-eclipse/arm-none-eabi-gcc/8.2.1-1.7.1/.content/bin/../lib/gcc/arm-none-eabi/8.2.1/thumb/v7e-m+fp/hard/crtbegin.o
 *(.init)
 .init          0x0000000008003d44        0x4 c:/users/hungv/appdata/roaming/xpacks/@gnu-mcu-eclipse/arm-none-eabi-gcc/8.2.1-1.7.1/.content/bin/../lib/gcc/arm-none-eabi/8.2.1/thumb/v7e-m+fp/hard/crti.o
                0x0000000008003d44                _init
 .init          0x0000000008003d48        0x8 c:/users/hungv/appdata/roaming/xpacks/@gnu-mcu-eclipse/arm-none-eabi-gcc/8.2.1-1.7.1/.content/bin/../lib/gcc/arm-none-eabi/8.2.1/thumb/v7e-m+fp/hard/crtn.o
 *(.fini)
 .fini          0x0000000008003d50        0x4 c:/users/hungv/appdata/roaming/xpacks/@gnu-mcu-eclipse/arm-none-eabi-gcc/8.2.1-1.7.1/.content/bin/../lib/gcc/arm-none-eabi/8.2.1/thumb/v7e-m+fp/hard/crti.o
                0x0000000008003d50                _fini
 .fini          0x0000000008003d54        0x8 c:/users/hungv/appdata/roaming/xpacks/@gnu-mcu-eclipse/arm-none-eabi-gcc/8.2.1-1.7.1/.content/bin/../lib/gcc/arm-none-eabi/8.2.1/thumb/v7e-m+fp/hard/crtn.o
                0x0000000008003d5c                . = ALIGN (0x4)
                0x0000000008003d5c                _etext = .

.vfp11_veneer   0x0000000008003d5c        0x0
 .vfp11_veneer  0x0000000008003d5c        0x0 linker stubs

.v4_bx          0x0000000008003d5c        0x0
 .v4_bx         0x0000000008003d5c        0x0 linker stubs

.iplt           0x0000000008003d5c        0x0
 .iplt          0x0000000008003d5c        0x0 c:/users/hungv/appdata/roaming/xpacks/@gnu-mcu-eclipse/arm-none-eabi-gcc/8.2.1-1.7.1/.content/bin/../lib/gcc/arm-none-eabi/8.2.1/thumb/v7e-m+fp/hard/crtbegin.o

.rodata         0x0000000008003d5c      0x7dc
                0x0000000008003d5c                . = ALIGN (0x4)
 *(.rodata)
 *(.rodata*)
 .rodata.main.str1.4
                0x0000000008003d5c        0x4 build/main.o
 .rodata.OV2640_480x272
                0x0000000008003d60      0x1da build/ov2640.o
                0x0000000008003d60                OV2640_480x272
 *fill*         0x0000000008003f3a        0x2 
 .rodata.OV2640_QQVGA
                0x0000000008003f3c      0x1b8 build/ov2640.o
                0x0000000008003f3c                OV2640_QQVGA
 .rodata.OV2640_QVGA
                0x00000000080040f4      0x1b8 build/ov2640.o
                0x00000000080040f4                OV2640_QVGA
 .rodata.OV2640_VGA
                0x00000000080042ac      0x1da build/ov2640.o
                0x00000000080042ac                OV2640_VGA
 *fill*         0x0000000008004486        0x2 
 .rodata.AHBPrescTable
                0x0000000008004488       0x10 build/system_stm32f4xx.o
                0x0000000008004488                AHBPrescTable
 .rodata.APBPrescTable
                0x0000000008004498        0x8 build/system_stm32f4xx.o
                0x0000000008004498                APBPrescTable
 .rodata._global_impure_ptr
                0x00000000080044a0        0x4 c:/users/hungv/appdata/roaming/xpacks/@gnu-mcu-eclipse/arm-none-eabi-gcc/8.2.1-1.7.1/.content/bin/../lib/gcc/arm-none-eabi/8.2.1/../../../../arm-none-eabi/lib/thumb/v7e-m+fp/hard\libc_nano.a(lib_a-impure.o)
                0x00000000080044a0                _global_impure_ptr
 .rodata.__sf_fake_stderr
                0x00000000080044a4       0x20 c:/users/hungv/appdata/roaming/xpacks/@gnu-mcu-eclipse/arm-none-eabi-gcc/8.2.1-1.7.1/.content/bin/../lib/gcc/arm-none-eabi/8.2.1/../../../../arm-none-eabi/lib/thumb/v7e-m+fp/hard\libc_nano.a(lib_a-findfp.o)
                0x00000000080044a4                __sf_fake_stderr
 .rodata.__sf_fake_stdin
                0x00000000080044c4       0x20 c:/users/hungv/appdata/roaming/xpacks/@gnu-mcu-eclipse/arm-none-eabi-gcc/8.2.1-1.7.1/.content/bin/../lib/gcc/arm-none-eabi/8.2.1/../../../../arm-none-eabi/lib/thumb/v7e-m+fp/hard\libc_nano.a(lib_a-findfp.o)
                0x00000000080044c4                __sf_fake_stdin
 .rodata.__sf_fake_stdout
                0x00000000080044e4       0x20 c:/users/hungv/appdata/roaming/xpacks/@gnu-mcu-eclipse/arm-none-eabi-gcc/8.2.1-1.7.1/.content/bin/../lib/gcc/arm-none-eabi/8.2.1/../../../../arm-none-eabi/lib/thumb/v7e-m+fp/hard\libc_nano.a(lib_a-findfp.o)
                0x00000000080044e4                __sf_fake_stdout
 .rodata._vfprintf_r.str1.1
                0x0000000008004504       0x11 c:/users/hungv/appdata/roaming/xpacks/@gnu-mcu-eclipse/arm-none-eabi-gcc/8.2.1-1.7.1/.content/bin/../lib/gcc/arm-none-eabi/8.2.1/../../../../arm-none-eabi/lib/thumb/v7e-m+fp/hard\libc_nano.a(lib_a-nano-vfprintf.o)
 .rodata._printf_i.str1.1
                0x0000000008004515       0x22 c:/users/hungv/appdata/roaming/xpacks/@gnu-mcu-eclipse/arm-none-eabi-gcc/8.2.1-1.7.1/.content/bin/../lib/gcc/arm-none-eabi/8.2.1/../../../../arm-none-eabi/lib/thumb/v7e-m+fp/hard\libc_nano.a(lib_a-nano-vfprintf_i.o)
                0x0000000008004538                . = ALIGN (0x4)
 *fill*         0x0000000008004537        0x1 

.ARM.extab
 *(.ARM.extab* .gnu.linkonce.armextab.*)

.ARM            0x0000000008004538        0x8
                0x0000000008004538                __exidx_start = .
 *(.ARM.exidx*)
 .ARM.exidx.text.__udivmoddi4
                0x0000000008004538        0x8 c:/users/hungv/appdata/roaming/xpacks/@gnu-mcu-eclipse/arm-none-eabi-gcc/8.2.1-1.7.1/.content/bin/../lib/gcc/arm-none-eabi/8.2.1/thumb/v7e-m+fp/hard\libgcc.a(_udivmoddi4.o)
                0x0000000008004540                __exidx_end = .

.rel.dyn        0x0000000008004540        0x0
 .rel.iplt      0x0000000008004540        0x0 c:/users/hungv/appdata/roaming/xpacks/@gnu-mcu-eclipse/arm-none-eabi-gcc/8.2.1-1.7.1/.content/bin/../lib/gcc/arm-none-eabi/8.2.1/thumb/v7e-m+fp/hard/crtbegin.o

.preinit_array  0x0000000008004540        0x0
                0x0000000008004540                PROVIDE (__preinit_array_start = .)
 *(.preinit_array*)
                0x0000000008004540                PROVIDE (__preinit_array_end = .)

.init_array     0x0000000008004540        0x4
                0x0000000008004540                PROVIDE (__init_array_start = .)
 *(SORT_BY_NAME(.init_array.*))
 *(.init_array*)
 .init_array    0x0000000008004540        0x4 c:/users/hungv/appdata/roaming/xpacks/@gnu-mcu-eclipse/arm-none-eabi-gcc/8.2.1-1.7.1/.content/bin/../lib/gcc/arm-none-eabi/8.2.1/thumb/v7e-m+fp/hard/crtbegin.o
                0x0000000008004544                PROVIDE (__init_array_end = .)

.fini_array     0x0000000008004544        0x4
                [!provide]                        PROVIDE (__fini_array_start = .)
 *(SORT_BY_NAME(.fini_array.*))
 *(.fini_array*)
 .fini_array    0x0000000008004544        0x4 c:/users/hungv/appdata/roaming/xpacks/@gnu-mcu-eclipse/arm-none-eabi-gcc/8.2.1-1.7.1/.content/bin/../lib/gcc/arm-none-eabi/8.2.1/thumb/v7e-m+fp/hard/crtbegin.o
                [!provide]                        PROVIDE (__fini_array_end = .)
                0x0000000008004548                _sidata = LOADADDR (.data)

.data           0x0000000020000000       0xa8 load address 0x0000000008004548
                0x0000000020000000                . = ALIGN (0x4)
                0x0000000020000000                _sdata = .
 *(.data)
 *(.data*)
 .data.ov2640_drv
                0x0000000020000000        0xc build/ov2640.o
                0x0000000020000000                ov2640_drv
 .data.stmpe1600_io_drv
                0x000000002000000c       0x2c build/stmpe1600.o
                0x000000002000000c                stmpe1600_io_drv
 .data.uwTickFreq
                0x0000000020000038        0x1 build/stm32f4xx_hal.o
                0x0000000020000038                uwTickFreq
 *fill*         0x0000000020000039        0x3 
 .data.uwTickPrio
                0x000000002000003c        0x4 build/stm32f4xx_hal.o
                0x000000002000003c                uwTickPrio
 .data.SystemCoreClock
                0x0000000020000040        0x4 build/system_stm32f4xx.o
                0x0000000020000040                SystemCoreClock
 .data._impure_ptr
                0x0000000020000044        0x4 c:/users/hungv/appdata/roaming/xpacks/@gnu-mcu-eclipse/arm-none-eabi-gcc/8.2.1-1.7.1/.content/bin/../lib/gcc/arm-none-eabi/8.2.1/../../../../arm-none-eabi/lib/thumb/v7e-m+fp/hard\libc_nano.a(lib_a-impure.o)
                0x0000000020000044                _impure_ptr
 .data.impure_data
                0x0000000020000048       0x60 c:/users/hungv/appdata/roaming/xpacks/@gnu-mcu-eclipse/arm-none-eabi-gcc/8.2.1-1.7.1/.content/bin/../lib/gcc/arm-none-eabi/8.2.1/../../../../arm-none-eabi/lib/thumb/v7e-m+fp/hard\libc_nano.a(lib_a-impure.o)
                0x00000000200000a8                . = ALIGN (0x4)
                0x00000000200000a8                _edata = .
                0x00000000080045f0                _siccmram = LOADADDR (.ccmram)

.tm_clone_table
                0x00000000200000a8        0x0 load address 0x00000000080045f0
 .tm_clone_table
                0x00000000200000a8        0x0 c:/users/hungv/appdata/roaming/xpacks/@gnu-mcu-eclipse/arm-none-eabi-gcc/8.2.1-1.7.1/.content/bin/../lib/gcc/arm-none-eabi/8.2.1/thumb/v7e-m+fp/hard/crtbegin.o
 .tm_clone_table
                0x00000000200000a8        0x0 c:/users/hungv/appdata/roaming/xpacks/@gnu-mcu-eclipse/arm-none-eabi-gcc/8.2.1-1.7.1/.content/bin/../lib/gcc/arm-none-eabi/8.2.1/thumb/v7e-m+fp/hard/crtend.o

.igot.plt       0x00000000200000a8        0x0 load address 0x00000000080045f0
 .igot.plt      0x00000000200000a8        0x0 c:/users/hungv/appdata/roaming/xpacks/@gnu-mcu-eclipse/arm-none-eabi-gcc/8.2.1-1.7.1/.content/bin/../lib/gcc/arm-none-eabi/8.2.1/thumb/v7e-m+fp/hard/crtbegin.o

.ccmram         0x0000000010000000        0x0 load address 0x00000000080045f0
                0x0000000010000000                . = ALIGN (0x4)
                0x0000000010000000                _sccmram = .
 *(.ccmram)
 *(.ccmram*)
                0x0000000010000000                . = ALIGN (0x4)
                0x0000000010000000                _eccmram = .
                0x0000000010000000                . = ALIGN (0x4)

.bss            0x00000000200000a8      0x138
                0x00000000200000a8                _sbss = .
                0x00000000200000a8                __bss_start__ = _sbss
 *(.bss)
 *(.bss*)
 .bss.completed.8014
                0x00000000200000a8        0x1 c:/users/hungv/appdata/roaming/xpacks/@gnu-mcu-eclipse/arm-none-eabi-gcc/8.2.1-1.7.1/.content/bin/../lib/gcc/arm-none-eabi/8.2.1/thumb/v7e-m+fp/hard/crtbegin.o
 *fill*         0x00000000200000a9        0x3 
 .bss.object.8019
                0x00000000200000ac       0x18 c:/users/hungv/appdata/roaming/xpacks/@gnu-mcu-eclipse/arm-none-eabi-gcc/8.2.1-1.7.1/.content/bin/../lib/gcc/arm-none-eabi/8.2.1/thumb/v7e-m+fp/hard/crtbegin.o
 .bss.I2C_IT_Enabled.8143
                0x00000000200000c4        0x1 build/i2c_driver.o
 *fill*         0x00000000200000c5        0x3 
 .bss.heval_I2c
                0x00000000200000c8       0x54 build/i2c_driver.o
 .bss.stmpe1600
                0x000000002000011c        0x2 build/stmpe1600.o
                0x000000002000011c                stmpe1600
 .bss.tmp       0x000000002000011e        0x2 build/stmpe1600.o
 .bss.__malloc_free_list
                0x0000000020000120        0x4 c:/users/hungv/appdata/roaming/xpacks/@gnu-mcu-eclipse/arm-none-eabi-gcc/8.2.1-1.7.1/.content/bin/../lib/gcc/arm-none-eabi/8.2.1/../../../../arm-none-eabi/lib/thumb/v7e-m+fp/hard\libc_nano.a(lib_a-nano-mallocr.o)
                0x0000000020000120                __malloc_free_list
 .bss.__malloc_sbrk_start
                0x0000000020000124        0x4 c:/users/hungv/appdata/roaming/xpacks/@gnu-mcu-eclipse/arm-none-eabi-gcc/8.2.1-1.7.1/.content/bin/../lib/gcc/arm-none-eabi/8.2.1/../../../../arm-none-eabi/lib/thumb/v7e-m+fp/hard\libc_nano.a(lib_a-nano-mallocr.o)
                0x0000000020000124                __malloc_sbrk_start
 .bss.heap_end.5501
                0x0000000020000128        0x4 c:/users/hungv/appdata/roaming/xpacks/@gnu-mcu-eclipse/arm-none-eabi-gcc/8.2.1-1.7.1/.content/bin/../lib/gcc/arm-none-eabi/8.2.1/../../../../arm-none-eabi/lib/thumb/v7e-m+fp/hard\libnosys.a(sbrk.o)
 *(COMMON)
 COMMON         0x000000002000012c       0x94 build/main.o
                0x000000002000012c                hi2c1
                0x0000000020000180                hdcmi
 COMMON         0x00000000200001c0        0x4 build/io_pin_driver.o
                0x00000000200001c0                io_driver
 COMMON         0x00000000200001c4        0x8 build/hdmi_driver.o
                0x00000000200001c4                camera
                0x00000000200001c8                current_resolution
 COMMON         0x00000000200001cc        0x4 build/stm32f4xx_hal.o
                0x00000000200001cc                uwTick
 COMMON         0x00000000200001d0        0x9 c:/users/hungv/appdata/roaming/xpacks/@gnu-mcu-eclipse/arm-none-eabi-gcc/8.2.1-1.7.1/.content/bin/../lib/gcc/arm-none-eabi/8.2.1/../../../../arm-none-eabi/lib/thumb/v7e-m+fp/hard\libc_nano.a(lib_a-lock.o)
                0x00000000200001d0                __lock___atexit_recursive_mutex
                0x00000000200001d1                __lock___arc4random_mutex
                0x00000000200001d2                __lock___env_recursive_mutex
                0x00000000200001d3                __lock___sinit_recursive_mutex
                0x00000000200001d4                __lock___malloc_recursive_mutex
                0x00000000200001d5                __lock___at_quick_exit_mutex
                0x00000000200001d6                __lock___dd_hash_mutex
                0x00000000200001d7                __lock___tz_mutex
                0x00000000200001d8                __lock___sfp_recursive_mutex
 *fill*         0x00000000200001d9        0x3 
 COMMON         0x00000000200001dc        0x4 c:/users/hungv/appdata/roaming/xpacks/@gnu-mcu-eclipse/arm-none-eabi-gcc/8.2.1-1.7.1/.content/bin/../lib/gcc/arm-none-eabi/8.2.1/../../../../arm-none-eabi/lib/thumb/v7e-m+fp/hard\libc_nano.a(lib_a-reent.o)
                0x00000000200001dc                errno
                0x00000000200001e0                . = ALIGN (0x4)
                0x00000000200001e0                _ebss = .
                0x00000000200001e0                __bss_end__ = _ebss

._user_heap_stack
                0x00000000200001e0      0x600
                0x00000000200001e0                . = ALIGN (0x8)
                0x00000000200001e0                PROVIDE (end = .)
                [!provide]                        PROVIDE (_end = .)
                0x00000000200003e0                . = (. + _Min_Heap_Size)
 *fill*         0x00000000200001e0      0x200 
                0x00000000200007e0                . = (. + _Min_Stack_Size)
 *fill*         0x00000000200003e0      0x400 
                0x00000000200007e0                . = ALIGN (0x8)

/DISCARD/
 libc.a(*)
 libm.a(*)
 libgcc.a(*)

.ARM.attributes
                0x0000000000000000       0x30
 *(.ARM.attributes)
 .ARM.attributes
                0x0000000000000000       0x1e c:/users/hungv/appdata/roaming/xpacks/@gnu-mcu-eclipse/arm-none-eabi-gcc/8.2.1-1.7.1/.content/bin/../lib/gcc/arm-none-eabi/8.2.1/thumb/v7e-m+fp/hard/crti.o
 .ARM.attributes
                0x000000000000001e       0x34 c:/users/hungv/appdata/roaming/xpacks/@gnu-mcu-eclipse/arm-none-eabi-gcc/8.2.1-1.7.1/.content/bin/../lib/gcc/arm-none-eabi/8.2.1/thumb/v7e-m+fp/hard/crtbegin.o
 .ARM.attributes
                0x0000000000000052       0x34 build/main.o
 .ARM.attributes
                0x0000000000000086       0x34 build/i2c_driver.o
 .ARM.attributes
                0x00000000000000ba       0x34 build/ov2640.o
 .ARM.attributes
                0x00000000000000ee       0x34 build/io_pin_driver.o
 .ARM.attributes
                0x0000000000000122       0x34 build/hdmi_driver.o
 .ARM.attributes
                0x0000000000000156       0x34 build/stmpe1600.o
 .ARM.attributes
                0x000000000000018a       0x34 build/stm32f4xx_it.o
 .ARM.attributes
                0x00000000000001be       0x34 build/stm32f4xx_hal_msp.o
 .ARM.attributes
                0x00000000000001f2       0x34 build/stm32f4xx_hal_dcmi.o
 .ARM.attributes
                0x0000000000000226       0x34 build/stm32f4xx_hal_dcmi_ex.o
 .ARM.attributes
                0x000000000000025a       0x34 build/stm32f4xx_hal_i2c.o
 .ARM.attributes
                0x000000000000028e       0x34 build/stm32f4xx_hal_rcc.o
 .ARM.attributes
                0x00000000000002c2       0x34 build/stm32f4xx_hal_gpio.o
 .ARM.attributes
                0x00000000000002f6       0x34 build/stm32f4xx_hal_cortex.o
 .ARM.attributes
                0x000000000000032a       0x34 build/stm32f4xx_hal.o
 .ARM.attributes
                0x000000000000035e       0x34 build/system_stm32f4xx.o
 .ARM.attributes
                0x0000000000000392       0x21 build/startup_stm32f407xx.o
 .ARM.attributes
                0x00000000000003b3       0x32 c:/users/hungv/appdata/roaming/xpacks/@gnu-mcu-eclipse/arm-none-eabi-gcc/8.2.1-1.7.1/.content/bin/../lib/gcc/arm-none-eabi/8.2.1/../../../../arm-none-eabi/lib/thumb/v7e-m+fp/hard\libc_nano.a(lib_a-impure.o)
 .ARM.attributes
                0x00000000000003e5       0x34 c:/users/hungv/appdata/roaming/xpacks/@gnu-mcu-eclipse/arm-none-eabi-gcc/8.2.1-1.7.1/.content/bin/../lib/gcc/arm-none-eabi/8.2.1/../../../../arm-none-eabi/lib/thumb/v7e-m+fp/hard\libc_nano.a(lib_a-init.o)
 .ARM.attributes
                0x0000000000000419       0x34 c:/users/hungv/appdata/roaming/xpacks/@gnu-mcu-eclipse/arm-none-eabi-gcc/8.2.1-1.7.1/.content/bin/../lib/gcc/arm-none-eabi/8.2.1/../../../../arm-none-eabi/lib/thumb/v7e-m+fp/hard\libc_nano.a(lib_a-memset.o)
 .ARM.attributes
                0x000000000000044d       0x34 c:/users/hungv/appdata/roaming/xpacks/@gnu-mcu-eclipse/arm-none-eabi-gcc/8.2.1-1.7.1/.content/bin/../lib/gcc/arm-none-eabi/8.2.1/../../../../arm-none-eabi/lib/thumb/v7e-m+fp/hard\libc_nano.a(lib_a-printf.o)
 .ARM.attributes
                0x0000000000000481       0x34 c:/users/hungv/appdata/roaming/xpacks/@gnu-mcu-eclipse/arm-none-eabi-gcc/8.2.1-1.7.1/.content/bin/../lib/gcc/arm-none-eabi/8.2.1/../../../../arm-none-eabi/lib/thumb/v7e-m+fp/hard\libc_nano.a(lib_a-findfp.o)
 .ARM.attributes
                0x00000000000004b5       0x34 c:/users/hungv/appdata/roaming/xpacks/@gnu-mcu-eclipse/arm-none-eabi-gcc/8.2.1-1.7.1/.content/bin/../lib/gcc/arm-none-eabi/8.2.1/../../../../arm-none-eabi/lib/thumb/v7e-m+fp/hard\libc_nano.a(lib_a-fwalk.o)
 .ARM.attributes
                0x00000000000004e9       0x34 c:/users/hungv/appdata/roaming/xpacks/@gnu-mcu-eclipse/arm-none-eabi-gcc/8.2.1-1.7.1/.content/bin/../lib/gcc/arm-none-eabi/8.2.1/../../../../arm-none-eabi/lib/thumb/v7e-m+fp/hard\libc_nano.a(lib_a-lock.o)
 .ARM.attributes
                0x000000000000051d       0x34 c:/users/hungv/appdata/roaming/xpacks/@gnu-mcu-eclipse/arm-none-eabi-gcc/8.2.1-1.7.1/.content/bin/../lib/gcc/arm-none-eabi/8.2.1/../../../../arm-none-eabi/lib/thumb/v7e-m+fp/hard\libc_nano.a(lib_a-nano-mallocr.o)
 .ARM.attributes
                0x0000000000000551       0x34 c:/users/hungv/appdata/roaming/xpacks/@gnu-mcu-eclipse/arm-none-eabi-gcc/8.2.1-1.7.1/.content/bin/../lib/gcc/arm-none-eabi/8.2.1/../../../../arm-none-eabi/lib/thumb/v7e-m+fp/hard\libc_nano.a(lib_a-nano-vfprintf.o)
 .ARM.attributes
                0x0000000000000585       0x34 c:/users/hungv/appdata/roaming/xpacks/@gnu-mcu-eclipse/arm-none-eabi-gcc/8.2.1-1.7.1/.content/bin/../lib/gcc/arm-none-eabi/8.2.1/../../../../arm-none-eabi/lib/thumb/v7e-m+fp/hard\libc_nano.a(lib_a-nano-vfprintf_i.o)
 .ARM.attributes
                0x00000000000005b9       0x34 c:/users/hungv/appdata/roaming/xpacks/@gnu-mcu-eclipse/arm-none-eabi-gcc/8.2.1-1.7.1/.content/bin/../lib/gcc/arm-none-eabi/8.2.1/../../../../arm-none-eabi/lib/thumb/v7e-m+fp/hard\libc_nano.a(lib_a-sbrkr.o)
 .ARM.attributes
                0x00000000000005ed       0x34 c:/users/hungv/appdata/roaming/xpacks/@gnu-mcu-eclipse/arm-none-eabi-gcc/8.2.1-1.7.1/.content/bin/../lib/gcc/arm-none-eabi/8.2.1/../../../../arm-none-eabi/lib/thumb/v7e-m+fp/hard\libc_nano.a(lib_a-stdio.o)
 .ARM.attributes
                0x0000000000000621       0x34 c:/users/hungv/appdata/roaming/xpacks/@gnu-mcu-eclipse/arm-none-eabi-gcc/8.2.1-1.7.1/.content/bin/../lib/gcc/arm-none-eabi/8.2.1/../../../../arm-none-eabi/lib/thumb/v7e-m+fp/hard\libc_nano.a(lib_a-wbuf.o)
 .ARM.attributes
                0x0000000000000655       0x34 c:/users/hungv/appdata/roaming/xpacks/@gnu-mcu-eclipse/arm-none-eabi-gcc/8.2.1-1.7.1/.content/bin/../lib/gcc/arm-none-eabi/8.2.1/../../../../arm-none-eabi/lib/thumb/v7e-m+fp/hard\libc_nano.a(lib_a-writer.o)
 .ARM.attributes
                0x0000000000000689       0x34 c:/users/hungv/appdata/roaming/xpacks/@gnu-mcu-eclipse/arm-none-eabi-gcc/8.2.1-1.7.1/.content/bin/../lib/gcc/arm-none-eabi/8.2.1/../../../../arm-none-eabi/lib/thumb/v7e-m+fp/hard\libc_nano.a(lib_a-wsetup.o)
 .ARM.attributes
                0x00000000000006bd       0x34 c:/users/hungv/appdata/roaming/xpacks/@gnu-mcu-eclipse/arm-none-eabi-gcc/8.2.1-1.7.1/.content/bin/../lib/gcc/arm-none-eabi/8.2.1/../../../../arm-none-eabi/lib/thumb/v7e-m+fp/hard\libc_nano.a(lib_a-closer.o)
 .ARM.attributes
                0x00000000000006f1       0x34 c:/users/hungv/appdata/roaming/xpacks/@gnu-mcu-eclipse/arm-none-eabi-gcc/8.2.1-1.7.1/.content/bin/../lib/gcc/arm-none-eabi/8.2.1/../../../../arm-none-eabi/lib/thumb/v7e-m+fp/hard\libc_nano.a(lib_a-fflush.o)
 .ARM.attributes
                0x0000000000000725       0x34 c:/users/hungv/appdata/roaming/xpacks/@gnu-mcu-eclipse/arm-none-eabi-gcc/8.2.1-1.7.1/.content/bin/../lib/gcc/arm-none-eabi/8.2.1/../../../../arm-none-eabi/lib/thumb/v7e-m+fp/hard\libc_nano.a(lib_a-lseekr.o)
 .ARM.attributes
                0x0000000000000759       0x34 c:/users/hungv/appdata/roaming/xpacks/@gnu-mcu-eclipse/arm-none-eabi-gcc/8.2.1-1.7.1/.content/bin/../lib/gcc/arm-none-eabi/8.2.1/../../../../arm-none-eabi/lib/thumb/v7e-m+fp/hard\libc_nano.a(lib_a-makebuf.o)
 .ARM.attributes
                0x000000000000078d       0x1c c:/users/hungv/appdata/roaming/xpacks/@gnu-mcu-eclipse/arm-none-eabi-gcc/8.2.1-1.7.1/.content/bin/../lib/gcc/arm-none-eabi/8.2.1/../../../../arm-none-eabi/lib/thumb/v7e-m+fp/hard\libc_nano.a(lib_a-memchr.o)
 .ARM.attributes
                0x00000000000007a9       0x34 c:/users/hungv/appdata/roaming/xpacks/@gnu-mcu-eclipse/arm-none-eabi-gcc/8.2.1-1.7.1/.content/bin/../lib/gcc/arm-none-eabi/8.2.1/../../../../arm-none-eabi/lib/thumb/v7e-m+fp/hard\libc_nano.a(lib_a-mlock.o)
 .ARM.attributes
                0x00000000000007dd       0x34 c:/users/hungv/appdata/roaming/xpacks/@gnu-mcu-eclipse/arm-none-eabi-gcc/8.2.1-1.7.1/.content/bin/../lib/gcc/arm-none-eabi/8.2.1/../../../../arm-none-eabi/lib/thumb/v7e-m+fp/hard\libc_nano.a(lib_a-nano-freer.o)
 .ARM.attributes
                0x0000000000000811       0x34 c:/users/hungv/appdata/roaming/xpacks/@gnu-mcu-eclipse/arm-none-eabi-gcc/8.2.1-1.7.1/.content/bin/../lib/gcc/arm-none-eabi/8.2.1/../../../../arm-none-eabi/lib/thumb/v7e-m+fp/hard\libc_nano.a(lib_a-readr.o)
 .ARM.attributes
                0x0000000000000845       0x34 c:/users/hungv/appdata/roaming/xpacks/@gnu-mcu-eclipse/arm-none-eabi-gcc/8.2.1-1.7.1/.content/bin/../lib/gcc/arm-none-eabi/8.2.1/../../../../arm-none-eabi/lib/thumb/v7e-m+fp/hard\libc_nano.a(lib_a-reent.o)
 .ARM.attributes
                0x0000000000000879       0x34 c:/users/hungv/appdata/roaming/xpacks/@gnu-mcu-eclipse/arm-none-eabi-gcc/8.2.1-1.7.1/.content/bin/../lib/gcc/arm-none-eabi/8.2.1/../../../../arm-none-eabi/lib/thumb/v7e-m+fp/hard\libc_nano.a(lib_a-fstatr.o)
 .ARM.attributes
                0x00000000000008ad       0x34 c:/users/hungv/appdata/roaming/xpacks/@gnu-mcu-eclipse/arm-none-eabi-gcc/8.2.1-1.7.1/.content/bin/../lib/gcc/arm-none-eabi/8.2.1/../../../../arm-none-eabi/lib/thumb/v7e-m+fp/hard\libc_nano.a(lib_a-isattyr.o)
 .ARM.attributes
                0x00000000000008e1       0x34 c:/users/hungv/appdata/roaming/xpacks/@gnu-mcu-eclipse/arm-none-eabi-gcc/8.2.1-1.7.1/.content/bin/../lib/gcc/arm-none-eabi/8.2.1/../../../../arm-none-eabi/lib/thumb/v7e-m+fp/hard\libnosys.a(close.o)
 .ARM.attributes
                0x0000000000000915       0x34 c:/users/hungv/appdata/roaming/xpacks/@gnu-mcu-eclipse/arm-none-eabi-gcc/8.2.1-1.7.1/.content/bin/../lib/gcc/arm-none-eabi/8.2.1/../../../../arm-none-eabi/lib/thumb/v7e-m+fp/hard\libnosys.a(fstat.o)
 .ARM.attributes
                0x0000000000000949       0x34 c:/users/hungv/appdata/roaming/xpacks/@gnu-mcu-eclipse/arm-none-eabi-gcc/8.2.1-1.7.1/.content/bin/../lib/gcc/arm-none-eabi/8.2.1/../../../../arm-none-eabi/lib/thumb/v7e-m+fp/hard\libnosys.a(isatty.o)
 .ARM.attributes
                0x000000000000097d       0x34 c:/users/hungv/appdata/roaming/xpacks/@gnu-mcu-eclipse/arm-none-eabi-gcc/8.2.1-1.7.1/.content/bin/../lib/gcc/arm-none-eabi/8.2.1/../../../../arm-none-eabi/lib/thumb/v7e-m+fp/hard\libnosys.a(lseek.o)
 .ARM.attributes
                0x00000000000009b1       0x34 c:/users/hungv/appdata/roaming/xpacks/@gnu-mcu-eclipse/arm-none-eabi-gcc/8.2.1-1.7.1/.content/bin/../lib/gcc/arm-none-eabi/8.2.1/../../../../arm-none-eabi/lib/thumb/v7e-m+fp/hard\libnosys.a(read.o)
 .ARM.attributes
                0x00000000000009e5       0x34 c:/users/hungv/appdata/roaming/xpacks/@gnu-mcu-eclipse/arm-none-eabi-gcc/8.2.1-1.7.1/.content/bin/../lib/gcc/arm-none-eabi/8.2.1/../../../../arm-none-eabi/lib/thumb/v7e-m+fp/hard\libnosys.a(sbrk.o)
 .ARM.attributes
                0x0000000000000a19       0x34 c:/users/hungv/appdata/roaming/xpacks/@gnu-mcu-eclipse/arm-none-eabi-gcc/8.2.1-1.7.1/.content/bin/../lib/gcc/arm-none-eabi/8.2.1/../../../../arm-none-eabi/lib/thumb/v7e-m+fp/hard\libnosys.a(write.o)
 .ARM.attributes
                0x0000000000000a4d       0x1e c:/users/hungv/appdata/roaming/xpacks/@gnu-mcu-eclipse/arm-none-eabi-gcc/8.2.1-1.7.1/.content/bin/../lib/gcc/arm-none-eabi/8.2.1/thumb/v7e-m+fp/hard\libgcc.a(_aeabi_uldivmod.o)
 .ARM.attributes
                0x0000000000000a6b       0x34 c:/users/hungv/appdata/roaming/xpacks/@gnu-mcu-eclipse/arm-none-eabi-gcc/8.2.1-1.7.1/.content/bin/../lib/gcc/arm-none-eabi/8.2.1/thumb/v7e-m+fp/hard\libgcc.a(_udivmoddi4.o)
 .ARM.attributes
                0x0000000000000a9f       0x1e c:/users/hungv/appdata/roaming/xpacks/@gnu-mcu-eclipse/arm-none-eabi-gcc/8.2.1-1.7.1/.content/bin/../lib/gcc/arm-none-eabi/8.2.1/thumb/v7e-m+fp/hard\libgcc.a(_dvmd_tls.o)
 .ARM.attributes
                0x0000000000000abd       0x32 c:/users/hungv/appdata/roaming/xpacks/@gnu-mcu-eclipse/arm-none-eabi-gcc/8.2.1-1.7.1/.content/bin/../lib/gcc/arm-none-eabi/8.2.1/thumb/v7e-m+fp/hard/crtend.o
 .ARM.attributes
                0x0000000000000aef       0x1e c:/users/hungv/appdata/roaming/xpacks/@gnu-mcu-eclipse/arm-none-eabi-gcc/8.2.1-1.7.1/.content/bin/../lib/gcc/arm-none-eabi/8.2.1/thumb/v7e-m+fp/hard/crtn.o
OUTPUT(build/ModuleCamera.elf elf32-littlearm)

.debug_info     0x0000000000000000     0xf8ed
 .debug_info    0x0000000000000000     0x1aac build/main.o
 .debug_info    0x0000000000001aac     0x133a build/i2c_driver.o
 .debug_info    0x0000000000002de6      0xa05 build/ov2640.o
 .debug_info    0x00000000000037eb      0x595 build/io_pin_driver.o
 .debug_info    0x0000000000003d80     0x100b build/hdmi_driver.o
 .debug_info    0x0000000000004d8b     0x11bd build/stmpe1600.o
 .debug_info    0x0000000000005f48      0x2c6 build/stm32f4xx_it.o
 .debug_info    0x000000000000620e     0x109c build/stm32f4xx_hal_msp.o
 .debug_info    0x00000000000072aa      0xd16 build/stm32f4xx_hal_dcmi.o
 .debug_info    0x0000000000007fc0      0x713 build/stm32f4xx_hal_dcmi_ex.o
 .debug_info    0x00000000000086d3     0x3a67 build/stm32f4xx_hal_i2c.o
 .debug_info    0x000000000000c13a      0xbd9 build/stm32f4xx_hal_rcc.o
 .debug_info    0x000000000000cd13      0x8b8 build/stm32f4xx_hal_gpio.o
 .debug_info    0x000000000000d5cb     0x11f3 build/stm32f4xx_hal_cortex.o
 .debug_info    0x000000000000e7be      0xb2e build/stm32f4xx_hal.o
 .debug_info    0x000000000000f2ec      0x5df build/system_stm32f4xx.o
 .debug_info    0x000000000000f8cb       0x22 build/startup_stm32f407xx.o

.debug_abbrev   0x0000000000000000     0x242d
 .debug_abbrev  0x0000000000000000      0x2ec build/main.o
 .debug_abbrev  0x00000000000002ec      0x24b build/i2c_driver.o
 .debug_abbrev  0x0000000000000537      0x1e3 build/ov2640.o
 .debug_abbrev  0x000000000000071a      0x192 build/io_pin_driver.o
 .debug_abbrev  0x00000000000008ac      0x244 build/hdmi_driver.o
 .debug_abbrev  0x0000000000000af0      0x29d build/stmpe1600.o
 .debug_abbrev  0x0000000000000d8d      0x11a build/stm32f4xx_it.o
 .debug_abbrev  0x0000000000000ea7      0x1d7 build/stm32f4xx_hal_msp.o
 .debug_abbrev  0x000000000000107e      0x2c8 build/stm32f4xx_hal_dcmi.o
 .debug_abbrev  0x0000000000001346      0x17f build/stm32f4xx_hal_dcmi_ex.o
 .debug_abbrev  0x00000000000014c5      0x330 build/stm32f4xx_hal_i2c.o
 .debug_abbrev  0x00000000000017f5      0x2cd build/stm32f4xx_hal_rcc.o
 .debug_abbrev  0x0000000000001ac2      0x258 build/stm32f4xx_hal_gpio.o
 .debug_abbrev  0x0000000000001d1a      0x3b3 build/stm32f4xx_hal_cortex.o
 .debug_abbrev  0x00000000000020cd      0x220 build/stm32f4xx_hal.o
 .debug_abbrev  0x00000000000022ed      0x12e build/system_stm32f4xx.o
 .debug_abbrev  0x000000000000241b       0x12 build/startup_stm32f407xx.o

.debug_loc      0x0000000000000000     0x8d97
 .debug_loc     0x0000000000000000       0xda build/main.o
 .debug_loc     0x00000000000000da      0x5ed build/i2c_driver.o
 .debug_loc     0x00000000000006c7      0x894 build/ov2640.o
 .debug_loc     0x0000000000000f5b      0x215 build/io_pin_driver.o
 .debug_loc     0x0000000000001170      0x1fc build/hdmi_driver.o
 .debug_loc     0x000000000000136c      0xdf5 build/stmpe1600.o
 .debug_loc     0x0000000000002161       0x20 build/stm32f4xx_it.o
 .debug_loc     0x0000000000002181      0x1fc build/stm32f4xx_hal_msp.o
 .debug_loc     0x000000000000237d      0x801 build/stm32f4xx_hal_dcmi.o
 .debug_loc     0x0000000000002b7e       0x85 build/stm32f4xx_hal_dcmi_ex.o
 .debug_loc     0x0000000000002c03     0x4a41 build/stm32f4xx_hal_i2c.o
 .debug_loc     0x0000000000007644      0x68d build/stm32f4xx_hal_rcc.o
 .debug_loc     0x0000000000007cd1      0x5fe build/stm32f4xx_hal_gpio.o
 .debug_loc     0x00000000000082cf      0x790 build/stm32f4xx_hal_cortex.o
 .debug_loc     0x0000000000008a5f      0x1cc build/stm32f4xx_hal.o
 .debug_loc     0x0000000000008c2b      0x16c build/system_stm32f4xx.o

.debug_aranges  0x0000000000000000      0x958
 .debug_aranges
                0x0000000000000000       0x48 build/main.o
 .debug_aranges
                0x0000000000000048       0x60 build/i2c_driver.o
 .debug_aranges
                0x00000000000000a8       0x58 build/ov2640.o
 .debug_aranges
                0x0000000000000100       0x50 build/io_pin_driver.o
 .debug_aranges
                0x0000000000000150       0x50 build/hdmi_driver.o
 .debug_aranges
                0x00000000000001a0       0xe8 build/stmpe1600.o
 .debug_aranges
                0x0000000000000288       0x60 build/stm32f4xx_it.o
 .debug_aranges
                0x00000000000002e8       0x40 build/stm32f4xx_hal_msp.o
 .debug_aranges
                0x0000000000000328       0xb8 build/stm32f4xx_hal_dcmi.o
 .debug_aranges
                0x00000000000003e0       0x20 build/stm32f4xx_hal_dcmi_ex.o
 .debug_aranges
                0x0000000000000400      0x290 build/stm32f4xx_hal_i2c.o
 .debug_aranges
                0x0000000000000690       0x88 build/stm32f4xx_hal_rcc.o
 .debug_aranges
                0x0000000000000718       0x58 build/stm32f4xx_hal_gpio.o
 .debug_aranges
                0x0000000000000770       0xa8 build/stm32f4xx_hal_cortex.o
 .debug_aranges
                0x0000000000000818       0xf0 build/stm32f4xx_hal.o
 .debug_aranges
                0x0000000000000908       0x28 build/system_stm32f4xx.o
 .debug_aranges
                0x0000000000000930       0x28 build/startup_stm32f407xx.o

.debug_ranges   0x0000000000000000      0x8c8
 .debug_ranges  0x0000000000000000       0x38 build/main.o
 .debug_ranges  0x0000000000000038       0x50 build/i2c_driver.o
 .debug_ranges  0x0000000000000088       0x48 build/ov2640.o
 .debug_ranges  0x00000000000000d0       0x40 build/io_pin_driver.o
 .debug_ranges  0x0000000000000110       0x40 build/hdmi_driver.o
 .debug_ranges  0x0000000000000150       0xd8 build/stmpe1600.o
 .debug_ranges  0x0000000000000228       0x50 build/stm32f4xx_it.o
 .debug_ranges  0x0000000000000278       0x30 build/stm32f4xx_hal_msp.o
 .debug_ranges  0x00000000000002a8       0xa8 build/stm32f4xx_hal_dcmi.o
 .debug_ranges  0x0000000000000350       0x10 build/stm32f4xx_hal_dcmi_ex.o
 .debug_ranges  0x0000000000000360      0x298 build/stm32f4xx_hal_i2c.o
 .debug_ranges  0x00000000000005f8       0x90 build/stm32f4xx_hal_rcc.o
 .debug_ranges  0x0000000000000688       0x48 build/stm32f4xx_hal_gpio.o
 .debug_ranges  0x00000000000006d0       0xe0 build/stm32f4xx_hal_cortex.o
 .debug_ranges  0x00000000000007b0       0xe0 build/stm32f4xx_hal.o
 .debug_ranges  0x0000000000000890       0x18 build/system_stm32f4xx.o
 .debug_ranges  0x00000000000008a8       0x20 build/startup_stm32f407xx.o

.debug_line     0x0000000000000000     0xa412
 .debug_line    0x0000000000000000      0x5c7 build/main.o
 .debug_line    0x00000000000005c7      0x4b4 build/i2c_driver.o
 .debug_line    0x0000000000000a7b      0x4c2 build/ov2640.o
 .debug_line    0x0000000000000f3d      0x308 build/io_pin_driver.o
 .debug_line    0x0000000000001245      0x4cb build/hdmi_driver.o
 .debug_line    0x0000000000001710      0x76a build/stmpe1600.o
 .debug_line    0x0000000000001e7a      0x2d9 build/stm32f4xx_it.o
 .debug_line    0x0000000000002153      0x46c build/stm32f4xx_hal_msp.o
 .debug_line    0x00000000000025bf      0xafe build/stm32f4xx_hal_dcmi.o
 .debug_line    0x00000000000030bd      0x335 build/stm32f4xx_hal_dcmi_ex.o
 .debug_line    0x00000000000033f2     0x4d24 build/stm32f4xx_hal_i2c.o
 .debug_line    0x0000000000008116      0xaf0 build/stm32f4xx_hal_rcc.o
 .debug_line    0x0000000000008c06      0x740 build/stm32f4xx_hal_gpio.o
 .debug_line    0x0000000000009346      0x7da build/stm32f4xx_hal_cortex.o
 .debug_line    0x0000000000009b20      0x5a3 build/stm32f4xx_hal.o
 .debug_line    0x000000000000a0c3      0x2db build/system_stm32f4xx.o
 .debug_line    0x000000000000a39e       0x74 build/startup_stm32f407xx.o

.debug_str      0x0000000000000000     0x3300
 .debug_str     0x0000000000000000      0xeda build/main.o
                                        0xfe3 (size before relaxing)
 .debug_str     0x0000000000000eda      0x6cb build/i2c_driver.o
                                        0xefd (size before relaxing)
 .debug_str     0x00000000000015a5       0xfe build/ov2640.o
                                        0x36e (size before relaxing)
 .debug_str     0x00000000000016a3      0x2ce build/io_pin_driver.o
                                        0x50b (size before relaxing)
 .debug_str     0x0000000000001971      0x11c build/hdmi_driver.o
                                        0xb84 (size before relaxing)
 .debug_str     0x0000000000001a8d      0x241 build/stmpe1600.o
                                        0x758 (size before relaxing)
 .debug_str     0x0000000000001cce       0xaf build/stm32f4xx_it.o
                                        0x2cb (size before relaxing)
 .debug_str     0x0000000000001d7d       0x7f build/stm32f4xx_hal_msp.o
                                        0xac0 (size before relaxing)
 .debug_str     0x0000000000001dfc      0x1ef build/stm32f4xx_hal_dcmi.o
                                        0x8c7 (size before relaxing)
 .debug_str     0x0000000000001feb       0x39 build/stm32f4xx_hal_dcmi_ex.o
                                        0x6a2 (size before relaxing)
 .debug_str     0x0000000000002024      0x80c build/stm32f4xx_hal_i2c.o
                                       0x1024 (size before relaxing)
 .debug_str     0x0000000000002830      0x1b5 build/stm32f4xx_hal_rcc.o
                                        0x6ea (size before relaxing)
 .debug_str     0x00000000000029e5      0x153 build/stm32f4xx_hal_gpio.o
                                        0x517 (size before relaxing)
 .debug_str     0x0000000000002b38      0x4ce build/stm32f4xx_hal_cortex.o
                                        0xc51 (size before relaxing)
 .debug_str     0x0000000000003006      0x293 build/stm32f4xx_hal.o
                                        0xb86 (size before relaxing)
 .debug_str     0x0000000000003299       0x42 build/system_stm32f4xx.o
                                        0x37b (size before relaxing)
 .debug_str     0x00000000000032db       0x25 build/startup_stm32f407xx.o
                                         0x39 (size before relaxing)

.comment        0x0000000000000000       0x68
 .comment       0x0000000000000000       0x68 build/main.o
                                         0x69 (size before relaxing)
 .comment       0x0000000000000068       0x69 build/i2c_driver.o
 .comment       0x0000000000000068       0x69 build/ov2640.o
 .comment       0x0000000000000068       0x69 build/io_pin_driver.o
 .comment       0x0000000000000068       0x69 build/hdmi_driver.o
 .comment       0x0000000000000068       0x69 build/stmpe1600.o
 .comment       0x0000000000000068       0x69 build/stm32f4xx_it.o
 .comment       0x0000000000000068       0x69 build/stm32f4xx_hal_msp.o
 .comment       0x0000000000000068       0x69 build/stm32f4xx_hal_dcmi.o
 .comment       0x0000000000000068       0x69 build/stm32f4xx_hal_dcmi_ex.o
 .comment       0x0000000000000068       0x69 build/stm32f4xx_hal_i2c.o
 .comment       0x0000000000000068       0x69 build/stm32f4xx_hal_rcc.o
 .comment       0x0000000000000068       0x69 build/stm32f4xx_hal_gpio.o
 .comment       0x0000000000000068       0x69 build/stm32f4xx_hal_cortex.o
 .comment       0x0000000000000068       0x69 build/stm32f4xx_hal.o
 .comment       0x0000000000000068       0x69 build/system_stm32f4xx.o

.debug_frame    0x0000000000000000     0x24d4
 .debug_frame   0x0000000000000000       0xac build/main.o
 .debug_frame   0x00000000000000ac      0x140 build/i2c_driver.o
 .debug_frame   0x00000000000001ec       0xf4 build/ov2640.o
 .debug_frame   0x00000000000002e0       0xd4 build/io_pin_driver.o
 .debug_frame   0x00000000000003b4       0xe0 build/hdmi_driver.o
 .debug_frame   0x0000000000000494      0x33c build/stmpe1600.o
 .debug_frame   0x00000000000007d0       0xac build/stm32f4xx_it.o
 .debug_frame   0x000000000000087c       0xb4 build/stm32f4xx_hal_msp.o
 .debug_frame   0x0000000000000930      0x1e8 build/stm32f4xx_hal_dcmi.o
 .debug_frame   0x0000000000000b18       0x30 build/stm32f4xx_hal_dcmi_ex.o
 .debug_frame   0x0000000000000b48      0xa28 build/stm32f4xx_hal_i2c.o
 .debug_frame   0x0000000000001570      0x1b0 build/stm32f4xx_hal_rcc.o
 .debug_frame   0x0000000000001720       0xec build/stm32f4xx_hal_gpio.o
 .debug_frame   0x000000000000180c      0x16c build/stm32f4xx_hal_cortex.o
 .debug_frame   0x0000000000001978      0x200 build/stm32f4xx_hal.o
 .debug_frame   0x0000000000001b78       0x30 build/system_stm32f4xx.o
 .debug_frame   0x0000000000001ba8       0x2c c:/users/hungv/appdata/roaming/xpacks/@gnu-mcu-eclipse/arm-none-eabi-gcc/8.2.1-1.7.1/.content/bin/../lib/gcc/arm-none-eabi/8.2.1/../../../../arm-none-eabi/lib/thumb/v7e-m+fp/hard\libc_nano.a(lib_a-init.o)
 .debug_frame   0x0000000000001bd4       0x20 c:/users/hungv/appdata/roaming/xpacks/@gnu-mcu-eclipse/arm-none-eabi-gcc/8.2.1-1.7.1/.content/bin/../lib/gcc/arm-none-eabi/8.2.1/../../../../arm-none-eabi/lib/thumb/v7e-m+fp/hard\libc_nano.a(lib_a-memset.o)
 .debug_frame   0x0000000000001bf4       0x74 c:/users/hungv/appdata/roaming/xpacks/@gnu-mcu-eclipse/arm-none-eabi-gcc/8.2.1-1.7.1/.content/bin/../lib/gcc/arm-none-eabi/8.2.1/../../../../arm-none-eabi/lib/thumb/v7e-m+fp/hard\libc_nano.a(lib_a-printf.o)
 .debug_frame   0x0000000000001c68      0x14c c:/users/hungv/appdata/roaming/xpacks/@gnu-mcu-eclipse/arm-none-eabi-gcc/8.2.1-1.7.1/.content/bin/../lib/gcc/arm-none-eabi/8.2.1/../../../../arm-none-eabi/lib/thumb/v7e-m+fp/hard\libc_nano.a(lib_a-findfp.o)
 .debug_frame   0x0000000000001db4       0x54 c:/users/hungv/appdata/roaming/xpacks/@gnu-mcu-eclipse/arm-none-eabi-gcc/8.2.1-1.7.1/.content/bin/../lib/gcc/arm-none-eabi/8.2.1/../../../../arm-none-eabi/lib/thumb/v7e-m+fp/hard\libc_nano.a(lib_a-fwalk.o)
 .debug_frame   0x0000000000001e08       0xb0 c:/users/hungv/appdata/roaming/xpacks/@gnu-mcu-eclipse/arm-none-eabi-gcc/8.2.1-1.7.1/.content/bin/../lib/gcc/arm-none-eabi/8.2.1/../../../../arm-none-eabi/lib/thumb/v7e-m+fp/hard\libc_nano.a(lib_a-lock.o)
 .debug_frame   0x0000000000001eb8       0x30 c:/users/hungv/appdata/roaming/xpacks/@gnu-mcu-eclipse/arm-none-eabi-gcc/8.2.1-1.7.1/.content/bin/../lib/gcc/arm-none-eabi/8.2.1/../../../../arm-none-eabi/lib/thumb/v7e-m+fp/hard\libc_nano.a(lib_a-nano-mallocr.o)
 .debug_frame   0x0000000000001ee8       0xac c:/users/hungv/appdata/roaming/xpacks/@gnu-mcu-eclipse/arm-none-eabi-gcc/8.2.1-1.7.1/.content/bin/../lib/gcc/arm-none-eabi/8.2.1/../../../../arm-none-eabi/lib/thumb/v7e-m+fp/hard\libc_nano.a(lib_a-nano-vfprintf.o)
 .debug_frame   0x0000000000001f94       0x60 c:/users/hungv/appdata/roaming/xpacks/@gnu-mcu-eclipse/arm-none-eabi-gcc/8.2.1-1.7.1/.content/bin/../lib/gcc/arm-none-eabi/8.2.1/../../../../arm-none-eabi/lib/thumb/v7e-m+fp/hard\libc_nano.a(lib_a-nano-vfprintf_i.o)
 .debug_frame   0x0000000000001ff4       0x2c c:/users/hungv/appdata/roaming/xpacks/@gnu-mcu-eclipse/arm-none-eabi-gcc/8.2.1-1.7.1/.content/bin/../lib/gcc/arm-none-eabi/8.2.1/../../../../arm-none-eabi/lib/thumb/v7e-m+fp/hard\libc_nano.a(lib_a-sbrkr.o)
 .debug_frame   0x0000000000002020       0x88 c:/users/hungv/appdata/roaming/xpacks/@gnu-mcu-eclipse/arm-none-eabi-gcc/8.2.1-1.7.1/.content/bin/../lib/gcc/arm-none-eabi/8.2.1/../../../../arm-none-eabi/lib/thumb/v7e-m+fp/hard\libc_nano.a(lib_a-stdio.o)
 .debug_frame   0x00000000000020a8       0x40 c:/users/hungv/appdata/roaming/xpacks/@gnu-mcu-eclipse/arm-none-eabi-gcc/8.2.1-1.7.1/.content/bin/../lib/gcc/arm-none-eabi/8.2.1/../../../../arm-none-eabi/lib/thumb/v7e-m+fp/hard\libc_nano.a(lib_a-wbuf.o)
 .debug_frame   0x00000000000020e8       0x2c c:/users/hungv/appdata/roaming/xpacks/@gnu-mcu-eclipse/arm-none-eabi-gcc/8.2.1-1.7.1/.content/bin/../lib/gcc/arm-none-eabi/8.2.1/../../../../arm-none-eabi/lib/thumb/v7e-m+fp/hard\libc_nano.a(lib_a-writer.o)
 .debug_frame   0x0000000000002114       0x2c c:/users/hungv/appdata/roaming/xpacks/@gnu-mcu-eclipse/arm-none-eabi-gcc/8.2.1-1.7.1/.content/bin/../lib/gcc/arm-none-eabi/8.2.1/../../../../arm-none-eabi/lib/thumb/v7e-m+fp/hard\libc_nano.a(lib_a-wsetup.o)
 .debug_frame   0x0000000000002140       0x2c c:/users/hungv/appdata/roaming/xpacks/@gnu-mcu-eclipse/arm-none-eabi-gcc/8.2.1-1.7.1/.content/bin/../lib/gcc/arm-none-eabi/8.2.1/../../../../arm-none-eabi/lib/thumb/v7e-m+fp/hard\libc_nano.a(lib_a-closer.o)
 .debug_frame   0x000000000000216c       0x5c c:/users/hungv/appdata/roaming/xpacks/@gnu-mcu-eclipse/arm-none-eabi-gcc/8.2.1-1.7.1/.content/bin/../lib/gcc/arm-none-eabi/8.2.1/../../../../arm-none-eabi/lib/thumb/v7e-m+fp/hard\libc_nano.a(lib_a-fflush.o)
 .debug_frame   0x00000000000021c8       0x2c c:/users/hungv/appdata/roaming/xpacks/@gnu-mcu-eclipse/arm-none-eabi-gcc/8.2.1-1.7.1/.content/bin/../lib/gcc/arm-none-eabi/8.2.1/../../../../arm-none-eabi/lib/thumb/v7e-m+fp/hard\libc_nano.a(lib_a-lseekr.o)
 .debug_frame   0x00000000000021f4       0x58 c:/users/hungv/appdata/roaming/xpacks/@gnu-mcu-eclipse/arm-none-eabi-gcc/8.2.1-1.7.1/.content/bin/../lib/gcc/arm-none-eabi/8.2.1/../../../../arm-none-eabi/lib/thumb/v7e-m+fp/hard\libc_nano.a(lib_a-makebuf.o)
 .debug_frame   0x000000000000224c       0x30 c:/users/hungv/appdata/roaming/xpacks/@gnu-mcu-eclipse/arm-none-eabi-gcc/8.2.1-1.7.1/.content/bin/../lib/gcc/arm-none-eabi/8.2.1/../../../../arm-none-eabi/lib/thumb/v7e-m+fp/hard\libc_nano.a(lib_a-mlock.o)
 .debug_frame   0x000000000000227c       0x38 c:/users/hungv/appdata/roaming/xpacks/@gnu-mcu-eclipse/arm-none-eabi-gcc/8.2.1-1.7.1/.content/bin/../lib/gcc/arm-none-eabi/8.2.1/../../../../arm-none-eabi/lib/thumb/v7e-m+fp/hard\libc_nano.a(lib_a-nano-freer.o)
 .debug_frame   0x00000000000022b4       0x2c c:/users/hungv/appdata/roaming/xpacks/@gnu-mcu-eclipse/arm-none-eabi-gcc/8.2.1-1.7.1/.content/bin/../lib/gcc/arm-none-eabi/8.2.1/../../../../arm-none-eabi/lib/thumb/v7e-m+fp/hard\libc_nano.a(lib_a-readr.o)
 .debug_frame   0x00000000000022e0       0x5c c:/users/hungv/appdata/roaming/xpacks/@gnu-mcu-eclipse/arm-none-eabi-gcc/8.2.1-1.7.1/.content/bin/../lib/gcc/arm-none-eabi/8.2.1/../../../../arm-none-eabi/lib/thumb/v7e-m+fp/hard\libc_nano.a(lib_a-reent.o)
 .debug_frame   0x000000000000233c       0x2c c:/users/hungv/appdata/roaming/xpacks/@gnu-mcu-eclipse/arm-none-eabi-gcc/8.2.1-1.7.1/.content/bin/../lib/gcc/arm-none-eabi/8.2.1/../../../../arm-none-eabi/lib/thumb/v7e-m+fp/hard\libc_nano.a(lib_a-fstatr.o)
 .debug_frame   0x0000000000002368       0x2c c:/users/hungv/appdata/roaming/xpacks/@gnu-mcu-eclipse/arm-none-eabi-gcc/8.2.1-1.7.1/.content/bin/../lib/gcc/arm-none-eabi/8.2.1/../../../../arm-none-eabi/lib/thumb/v7e-m+fp/hard\libc_nano.a(lib_a-isattyr.o)
 .debug_frame   0x0000000000002394       0x20 c:/users/hungv/appdata/roaming/xpacks/@gnu-mcu-eclipse/arm-none-eabi-gcc/8.2.1-1.7.1/.content/bin/../lib/gcc/arm-none-eabi/8.2.1/../../../../arm-none-eabi/lib/thumb/v7e-m+fp/hard\libnosys.a(close.o)
 .debug_frame   0x00000000000023b4       0x20 c:/users/hungv/appdata/roaming/xpacks/@gnu-mcu-eclipse/arm-none-eabi-gcc/8.2.1-1.7.1/.content/bin/../lib/gcc/arm-none-eabi/8.2.1/../../../../arm-none-eabi/lib/thumb/v7e-m+fp/hard\libnosys.a(fstat.o)
 .debug_frame   0x00000000000023d4       0x20 c:/users/hungv/appdata/roaming/xpacks/@gnu-mcu-eclipse/arm-none-eabi-gcc/8.2.1-1.7.1/.content/bin/../lib/gcc/arm-none-eabi/8.2.1/../../../../arm-none-eabi/lib/thumb/v7e-m+fp/hard\libnosys.a(isatty.o)
 .debug_frame   0x00000000000023f4       0x20 c:/users/hungv/appdata/roaming/xpacks/@gnu-mcu-eclipse/arm-none-eabi-gcc/8.2.1-1.7.1/.content/bin/../lib/gcc/arm-none-eabi/8.2.1/../../../../arm-none-eabi/lib/thumb/v7e-m+fp/hard\libnosys.a(lseek.o)
 .debug_frame   0x0000000000002414       0x20 c:/users/hungv/appdata/roaming/xpacks/@gnu-mcu-eclipse/arm-none-eabi-gcc/8.2.1-1.7.1/.content/bin/../lib/gcc/arm-none-eabi/8.2.1/../../../../arm-none-eabi/lib/thumb/v7e-m+fp/hard\libnosys.a(read.o)
 .debug_frame   0x0000000000002434       0x20 c:/users/hungv/appdata/roaming/xpacks/@gnu-mcu-eclipse/arm-none-eabi-gcc/8.2.1-1.7.1/.content/bin/../lib/gcc/arm-none-eabi/8.2.1/../../../../arm-none-eabi/lib/thumb/v7e-m+fp/hard\libnosys.a(sbrk.o)
 .debug_frame   0x0000000000002454       0x20 c:/users/hungv/appdata/roaming/xpacks/@gnu-mcu-eclipse/arm-none-eabi-gcc/8.2.1-1.7.1/.content/bin/../lib/gcc/arm-none-eabi/8.2.1/../../../../arm-none-eabi/lib/thumb/v7e-m+fp/hard\libnosys.a(write.o)
 .debug_frame   0x0000000000002474       0x2c c:/users/hungv/appdata/roaming/xpacks/@gnu-mcu-eclipse/arm-none-eabi-gcc/8.2.1-1.7.1/.content/bin/../lib/gcc/arm-none-eabi/8.2.1/thumb/v7e-m+fp/hard\libgcc.a(_aeabi_uldivmod.o)
 .debug_frame   0x00000000000024a0       0x34 c:/users/hungv/appdata/roaming/xpacks/@gnu-mcu-eclipse/arm-none-eabi-gcc/8.2.1-1.7.1/.content/bin/../lib/gcc/arm-none-eabi/8.2.1/thumb/v7e-m+fp/hard\libgcc.a(_udivmoddi4.o)

.stab           0x0000000000000000       0x9c
 .stab          0x0000000000000000       0x24 c:/users/hungv/appdata/roaming/xpacks/@gnu-mcu-eclipse/arm-none-eabi-gcc/8.2.1-1.7.1/.content/bin/../lib/gcc/arm-none-eabi/8.2.1/../../../../arm-none-eabi/lib/thumb/v7e-m+fp/hard\libnosys.a(close.o)
 .stab          0x0000000000000024       0x18 c:/users/hungv/appdata/roaming/xpacks/@gnu-mcu-eclipse/arm-none-eabi-gcc/8.2.1-1.7.1/.content/bin/../lib/gcc/arm-none-eabi/8.2.1/../../../../arm-none-eabi/lib/thumb/v7e-m+fp/hard\libnosys.a(fstat.o)
                                         0x24 (size before relaxing)
 .stab          0x000000000000003c       0x18 c:/users/hungv/appdata/roaming/xpacks/@gnu-mcu-eclipse/arm-none-eabi-gcc/8.2.1-1.7.1/.content/bin/../lib/gcc/arm-none-eabi/8.2.1/../../../../arm-none-eabi/lib/thumb/v7e-m+fp/hard\libnosys.a(isatty.o)
                                         0x24 (size before relaxing)
 .stab          0x0000000000000054       0x18 c:/users/hungv/appdata/roaming/xpacks/@gnu-mcu-eclipse/arm-none-eabi-gcc/8.2.1-1.7.1/.content/bin/../lib/gcc/arm-none-eabi/8.2.1/../../../../arm-none-eabi/lib/thumb/v7e-m+fp/hard\libnosys.a(lseek.o)
                                         0x24 (size before relaxing)
 .stab          0x000000000000006c       0x18 c:/users/hungv/appdata/roaming/xpacks/@gnu-mcu-eclipse/arm-none-eabi-gcc/8.2.1-1.7.1/.content/bin/../lib/gcc/arm-none-eabi/8.2.1/../../../../arm-none-eabi/lib/thumb/v7e-m+fp/hard\libnosys.a(read.o)
                                         0x24 (size before relaxing)
 .stab          0x0000000000000084       0x18 c:/users/hungv/appdata/roaming/xpacks/@gnu-mcu-eclipse/arm-none-eabi-gcc/8.2.1-1.7.1/.content/bin/../lib/gcc/arm-none-eabi/8.2.1/../../../../arm-none-eabi/lib/thumb/v7e-m+fp/hard\libnosys.a(write.o)
                                         0x24 (size before relaxing)

.stabstr        0x0000000000000000      0x14d
 .stabstr       0x0000000000000000      0x14d c:/users/hungv/appdata/roaming/xpacks/@gnu-mcu-eclipse/arm-none-eabi-gcc/8.2.1-1.7.1/.content/bin/../lib/gcc/arm-none-eabi/8.2.1/../../../../arm-none-eabi/lib/thumb/v7e-m+fp/hard\libnosys.a(close.o)

Cross Reference Table

Symbol                                            File
ADC_IRQHandler                                    build/startup_stm32f407xx.o
AHBPrescTable                                     build/system_stm32f4xx.o
                                                  build/stm32f4xx_hal_rcc.o
APBPrescTable                                     build/system_stm32f4xx.o
                                                  build/stm32f4xx_hal_rcc.o
BSP_CAMERA_ContinuousStart                        build/hdmi_driver.o
BSP_CAMERA_Init                                   build/hdmi_driver.o
                                                  build/main.o
BSP_CAMERA_MsInit                                 build/hdmi_driver.o
BSP_CAMERA_Resume                                 build/hdmi_driver.o
                                                  build/main.o
BSP_CAMERA_SnapshotStart                          build/hdmi_driver.o
BSP_CAMERA_Stop                                   build/hdmi_driver.o
BSP_CAMERA_Suspend                                build/hdmi_driver.o
BSP_IO_ConfigPin                                  build/io_pin_driver.o
                                                  build/hdmi_driver.o
BSP_IO_ITClear                                    build/io_pin_driver.o
BSP_IO_ITGetStatus                                build/io_pin_driver.o
BSP_IO_Init                                       build/io_pin_driver.o
                                                  build/hdmi_driver.o
BSP_IO_ReadPin                                    build/io_pin_driver.o
                                                  build/hdmi_driver.o
BSP_IO_TogglePin                                  build/io_pin_driver.o
BSP_IO_WritePin                                   build/io_pin_driver.o